Component: Arm Compiler for Embedded 6.18 Tool: armlink [5e4cc100]

==============================================================================

Section Cross References

    main.o(.text.SysTick_Handler) refers to main.o(.bss.millisCounter) for millisCounter
    main.o(.ARM.exidx.text.SysTick_Handler) refers to main.o(.text.SysTick_Handler) for [Anonymous Symbol]
    main.o(.text.EXTI0_IRQHandler) refers to stm32f10x_exti.o(.text.EXTI_GetITStatus) for EXTI_GetITStatus
    main.o(.text.EXTI0_IRQHandler) refers to main.o(.text.debounce) for debounce
    main.o(.text.EXTI0_IRQHandler) refers to main.o(.bss.IT_FLAG) for IT_FLAG
    main.o(.text.EXTI0_IRQHandler) refers to main.o(.bss.timerValue) for timerValue
    main.o(.text.EXTI0_IRQHandler) refers to main.o(.bss.oldTime) for oldTime
    main.o(.text.EXTI0_IRQHandler) refers to main.o(.text.millis) for millis
    main.o(.text.EXTI0_IRQHandler) refers to main.o(.text.wait) for wait
    main.o(.text.EXTI0_IRQHandler) refers to stm32f10x_exti.o(.text.EXTI_ClearITPendingBit) for EXTI_ClearITPendingBit
    main.o(.ARM.exidx.text.EXTI0_IRQHandler) refers to main.o(.text.EXTI0_IRQHandler) for [Anonymous Symbol]
    main.o(.text.debounce) refers to stm32f10x_gpio.o(.text.GPIO_ReadInputDataBit) for GPIO_ReadInputDataBit
    main.o(.text.debounce) refers to main.o(.bss.debounce.State) for debounce.State
    main.o(.ARM.exidx.text.debounce) refers to main.o(.text.debounce) for [Anonymous Symbol]
    main.o(.ARM.exidx.text.wait) refers to main.o(.text.wait) for [Anonymous Symbol]
    main.o(.text.main) refers to main.o(.text.SysConfig) for SysConfig
    main.o(.text.main) refers to main.o(.text.millis) for millis
    main.o(.text.main) refers to main.o(.bss.IT_FLAG) for IT_FLAG
    main.o(.text.main) refers to main.o(.bss.bantCounter) for bantCounter
    main.o(.text.main) refers to main.o(.bss.timerValue) for timerValue
    main.o(.text.main) refers to main.o(.bss.oldTime) for oldTime
    main.o(.text.main) refers to main.o(.bss.timerThreshold) for timerThreshold
    main.o(.text.main) refers to dflt_clz.o(x$fpl$dfltu) for __aeabi_ui2d
    main.o(.text.main) refers to ddiv.o(x$fpl$ddiv) for __aeabi_ddiv
    main.o(.text.main) refers to d2f.o(x$fpl$d2f) for __aeabi_d2f
    main.o(.text.main) refers to main.o(.bss.speed) for speed
    main.o(.text.main) refers to main.o(.bss.maxSpeed) for maxSpeed
    main.o(.text.main) refers to main.o(.text.max) for max
    main.o(.text.main) refers to f2d.o(x$fpl$f2d) for __aeabi_f2d
    main.o(.text.main) refers to dmul.o(x$fpl$dmul) for __aeabi_dmul
    main.o(.text.main) refers to main.o(.bss.speedKm) for speedKm
    main.o(.text.main) refers to main.o(.bss.maxSpeedKm) for maxSpeedKm
    main.o(.text.main) refers to main.o(.bss.navBuffer) for navBuffer
    main.o(.text.main) refers to main.o(.rodata.str1.1) for .L.str
    main.o(.text.main) refers to sprintf.o(.text) for sprintf
    main.o(.text.main) refers to main.o(.text.print) for print
    main.o(.ARM.exidx.text.main) refers to main.o(.text.main) for [Anonymous Symbol]
    main.o(.text.max) refers to fcmp.o(x$fpl$fcmp) for __aeabi_fcmple
    main.o(.ARM.exidx.text.max) refers to main.o(.text.max) for [Anonymous Symbol]
    main.o(.text.print) refers to stm32f10x_usart.o(.text.USART_GetFlagStatus) for USART_GetFlagStatus
    main.o(.text.print) refers to main.o(.text.printChar) for printChar
    main.o(.ARM.exidx.text.print) refers to main.o(.text.print) for [Anonymous Symbol]
    main.o(.text.millis) refers to main.o(.bss.millisCounter) for millisCounter
    main.o(.ARM.exidx.text.millis) refers to main.o(.text.millis) for [Anonymous Symbol]
    main.o(.text.SysConfig) refers to stm32f10x_rcc.o(.text.RCC_APB2PeriphClockCmd) for RCC_APB2PeriphClockCmd
    main.o(.text.SysConfig) refers to stm32f10x_gpio.o(.text.GPIO_Init) for GPIO_Init
    main.o(.text.SysConfig) refers to stm32f10x_gpio.o(.text.GPIO_EXTILineConfig) for GPIO_EXTILineConfig
    main.o(.text.SysConfig) refers to stm32f10x_exti.o(.text.EXTI_Init) for EXTI_Init
    main.o(.text.SysConfig) refers to misc.o(.text.NVIC_Init) for NVIC_Init
    main.o(.text.SysConfig) refers to stm32f10x_rcc.o(.text.RCC_APB1PeriphClockCmd) for RCC_APB1PeriphClockCmd
    main.o(.text.SysConfig) refers to stm32f10x_tim.o(.text.TIM_TimeBaseInit) for TIM_TimeBaseInit
    main.o(.text.SysConfig) refers to stm32f10x_tim.o(.text.TIM_Cmd) for TIM_Cmd
    main.o(.text.SysConfig) refers to stm32f10x_usart.o(.text.USART_Init) for USART_Init
    main.o(.text.SysConfig) refers to stm32f10x_usart.o(.text.USART_Cmd) for USART_Cmd
    main.o(.text.SysConfig) refers to system_stm32f10x.o(.text.SystemCoreClockUpdate) for SystemCoreClockUpdate
    main.o(.text.SysConfig) refers to system_stm32f10x.o(.data.SystemCoreClock) for SystemCoreClock
    main.o(.text.SysConfig) refers to main.o(.text.SysTick_Config) for SysTick_Config
[...]
    ../fplib/fpinit.s                        0x00000000   Number         0  fpinit.o ABSOLUTE
    ../fplib/fpinit_empty.s                  0x00000000   Number         0  fpinit_empty.o ABSOLUTE
    ../fplib/fretinf.s                       0x00000000   Number         0  fretinf.o ABSOLUTE
    ../fplib/istatus.s                       0x00000000   Number         0  istatus.o ABSOLUTE
    ../fplib/printf1.s                       0x00000000   Number         0  printf1.o ABSOLUTE
    ../fplib/printf2.s                       0x00000000   Number         0  printf2.o ABSOLUTE
    ../fplib/printf2a.s                      0x00000000   Number         0  printf2a.o ABSOLUTE
    ../fplib/printf2b.s                      0x00000000   Number         0  printf2b.o ABSOLUTE
    ../fplib/usenofp.s                       0x00000000   Number         0  usenofp.o ABSOLUTE
    ../mathlib/fpclassify.c                  0x00000000   Number         0  fpclassify.o ABSOLUTE
    GPIO_STM32F10x.c                         0x00000000   Number         0  gpio_stm32f10x.o ABSOLUTE
    RTE/Device/STM32F103C8/startup_stm32f10x_md.s 0x00000000   Number         0  startup_stm32f10x_md.o ABSOLUTE
    dc.s                                     0x00000000   Number         0  dc.o ABSOLUTE
    main.c                                   0x00000000   Number         0  main.o ABSOLUTE
    misc.c                                   0x00000000   Number         0  misc.o ABSOLUTE
    stm32f10x_exti.c                         0x00000000   Number         0  stm32f10x_exti.o ABSOLUTE
    stm32f10x_gpio.c                         0x00000000   Number         0  stm32f10x_gpio.o ABSOLUTE
    stm32f10x_rcc.c                          0x00000000   Number         0  stm32f10x_rcc.o ABSOLUTE
    stm32f10x_tim.c                          0x00000000   Number         0  stm32f10x_tim.o ABSOLUTE
    stm32f10x_usart.c                        0x00000000   Number         0  stm32f10x_usart.o ABSOLUTE
    system_stm32f10x.c                       0x00000000   Number         0  system_stm32f10x.o ABSOLUTE
    RESET                                    0x08000000   Section      236  startup_stm32f10x_md.o(RESET)
    !!!main                                  0x080000ec   Section        8  __main.o(!!!main)
    !!!scatter                               0x080000f4   Section       52  __scatter.o(!!!scatter)
    !!handler_copy                           0x08000128   Section       26  __scatter_copy.o(!!handler_copy)
    !!handler_zi                             0x08000144   Section       28  __scatter_zi.o(!!handler_zi)
    .ARM.Collect$$_printf_percent$$00000000  0x08000160   Section        0  _printf_percent.o(.ARM.Collect$$_printf_percent$$00000000)
    .ARM.Collect$$_printf_percent$$00000001  0x08000160   Section        6  _printf_n.o(.ARM.Collect$$_printf_percent$$00000001)
    .ARM.Collect$$_printf_percent$$00000002  0x08000166   Section        6  _printf_p.o(.ARM.Collect$$_printf_percent$$00000002)
    .ARM.Collect$$_printf_percent$$00000003  0x0800016c   Section        6  _printf_f.o(.ARM.Collect$$_printf_percent$$00000003)
    .ARM.Collect$$_printf_percent$$00000004  0x08000172   Section        6  _printf_e.o(.ARM.Collect$$_printf_percent$$00000004)
    .ARM.Collect$$_printf_percent$$00000005  0x08000178   Section        6  _printf_g.o(.ARM.Collect$$_printf_percent$$00000005)
    .ARM.Collect$$_printf_percent$$00000006  0x0800017e   Section        6  _printf_a.o(.ARM.Collect$$_printf_percent$$00000006)
    .ARM.Collect$$_printf_percent$$00000007  0x08000184   Section       10  _printf_ll.o(.ARM.Collect$$_printf_percent$$00000007)
    .ARM.Collect$$_printf_percent$$00000008  0x0800018e   Section        6  _printf_i.o(.ARM.Collect$$_printf_percent$$00000008)
    .ARM.Collect$$_printf_percent$$00000009  0x08000194   Section        6  _printf_d.o(.ARM.Collect$$_printf_percent$$00000009)
    .ARM.Collect$$_printf_percent$$0000000A  0x0800019a   Section        6  _printf_u.o(.ARM.Collect$$_printf_percent$$0000000A)
    .ARM.Collect$$_printf_percent$$0000000B  0x080001a0   Section        6  _printf_o.o(.ARM.Collect$$_printf_percent$$0000000B)
    .ARM.Collect$$_printf_percent$$0000000C  0x080001a6   Section        6  _printf_x.o(.ARM.Collect$$_printf_percent$$0000000C)
    .ARM.Collect$$_printf_percent$$0000000D  0x080001ac   Section        6  _printf_lli.o(.ARM.Collect$$_printf_percent$$0000000D)
    .ARM.Collect$$_printf_percent$$0000000E  0x080001b2   Section        6  _printf_lld.o(.ARM.Collect$$_printf_percent$$0000000E)
    .ARM.Collect$$_printf_percent$$0000000F  0x080001b8   Section        6  _printf_llu.o(.ARM.Collect$$_printf_percent$$0000000F)
    .ARM.Collect$$_printf_percent$$00000010  0x080001be   Section        6  _printf_llo.o(.ARM.Collect$$_printf_percent$$00000010)
    .ARM.Collect$$_printf_percent$$00000011  0x080001c4   Section        6  _printf_llx.o(.ARM.Collect$$_printf_percent$$00000011)
    .ARM.Collect$$_printf_percent$$00000012  0x080001ca   Section       10  _printf_l.o(.ARM.Collect$$_printf_percent$$00000012)
    .ARM.Collect$$_printf_percent$$00000013  0x080001d4   Section        6  _printf_c.o(.ARM.Collect$$_printf_percent$$00000013)
    .ARM.Collect$$_printf_percent$$00000014  0x080001da   Section        6  _printf_s.o(.ARM.Collect$$_printf_percent$$00000014)
    .ARM.Collect$$_printf_percent$$00000015  0x080001e0   Section        6  _printf_lc.o(.ARM.Collect$$_printf_percent$$00000015)
    .ARM.Collect$$_printf_percent$$00000016  0x080001e6   Section        6  _printf_ls.o(.ARM.Collect$$_printf_percent$$00000016)
    .ARM.Collect$$_printf_percent$$00000017  0x080001ec   Section        4  _printf_percent_end.o(.ARM.Collect$$_printf_percent$$00000017)
    .ARM.Collect$$libinit$$00000000          0x080001f0   Section        2  libinit.o(.ARM.Collect$$libinit$$00000000)
    .ARM.Collect$$libinit$$00000002          0x080001f2   Section        0  libinit2.o(.ARM.Collect$$libinit$$00000002)
    .ARM.Collect$$libinit$$00000004          0x080001f2   Section        0  libinit2.o(.ARM.Collect$$libinit$$00000004)
    .ARM.Collect$$libinit$$00000006          0x080001f2   Section        0  libinit2.o(.ARM.Collect$$libinit$$00000006)
    .ARM.Collect$$libinit$$0000000C          0x080001f2   Section        0  libinit2.o(.ARM.Collect$$libinit$$0000000C)
    .ARM.Collect$$libinit$$0000000E          0x080001f2   Section        0  libinit2.o(.ARM.Collect$$libinit$$0000000E)
    .ARM.Collect$$libinit$$00000010          0x080001f2   Section        0  libinit2.o(.ARM.Collect$$libinit$$00000010)
    .ARM.Collect$$libinit$$00000011          0x080001f2   Section        6  libinit2.o(.ARM.Collect$$libinit$$00000011)
    .ARM.Collect$$libinit$$00000013          0x080001f8   Section        0  libinit2.o(.ARM.Collect$$libinit$$00000013)
    .ARM.Collect$$libinit$$00000014          0x080001f8   Section       12  libinit2.o(.ARM.Collect$$libinit$$00000014)
    .ARM.Collect$$libinit$$00000015          0x08000204   Section        0  libinit2.o(.ARM.Collect$$libinit$$00000015)
    .ARM.Collect$$libinit$$00000017          0x08000204   Section        0  libinit2.o(.ARM.Collect$$libinit$$00000017)
    .ARM.Collect$$libinit$$00000018          0x08000204   Section       10  libinit2.o(.ARM.Collect$$libinit$$00000018)
    .ARM.Collect$$libinit$$00000019          0x0800020e   Section        0  libinit2.o(.ARM.Collect$$libinit$$00000019)
    .ARM.Collect$$libinit$$0000001B          0x0800020e   Section        0  libinit2.o(.ARM.Collect$$libinit$$0000001B)
    .ARM.Collect$$libinit$$0000001D          0x0800020e   Section        0  libinit2.o(.ARM.Collect$$libinit$$0000001D)
    .ARM.Collect$$libinit$$0000001F          0x0800020e   Section        0  libinit2.o(.ARM.Collect$$libinit$$0000001F)
    .ARM.Collect$$libinit$$00000021          0x0800020e   Section        0  libinit2.o(.ARM.Collect$$libinit$$00000021)
    .ARM.Collect$$libinit$$00000023          0x0800020e   Section        0  libinit2.o(.ARM.Collect$$libinit$$00000023)
    .ARM.Collect$$libinit$$00000025          0x0800020e   Section        0  libinit2.o(.ARM.Collect$$libinit$$00000025)
    .ARM.Collect$$libinit$$00000027          0x0800020e   Section        0  libinit2.o(.ARM.Collect$$libinit$$00000027)
    .ARM.Collect$$libinit$$0000002E          0x0800020e   Section        0  libinit2.o(.ARM.Collect$$libinit$$0000002E)
    .ARM.Collect$$libinit$$00000030          0x0800020e   Section        0  libinit2.o(.ARM.Collect$$libinit$$00000030)
    .ARM.Collect$$libinit$$00000032          0x0800020e   Section        0  libinit2.o(.ARM.Collect$$libinit$$00000032)
    .ARM.Collect$$libinit$$00000034          0x0800020e   Section        0  libinit2.o(.ARM.Collect$$libinit$$00000034)
    .ARM.Collect$$libinit$$00000035          0x0800020e   Section        2  libinit2.o(.ARM.Collect$$libinit$$00000035)
    .ARM.Collect$$libshutdown$$00000000      0x08000210   Section        2  libshutdown.o(.ARM.Collect$$libshutdown$$00000000)
    .ARM.Collect$$libshutdown$$00000002      0x08000212   Section        0  libshutdown2.o(.ARM.Collect$$libshutdown$$00000002)
    .ARM.Collect$$libshutdown$$00000004      0x08000212   Section        0  libshutdown2.o(.ARM.Collect$$libshutdown$$00000004)
    .ARM.Collect$$libshutdown$$00000007      0x08000212   Section        0  libshutdown2.o(.ARM.Collect$$libshutdown$$00000007)
    .ARM.Collect$$libshutdown$$0000000A      0x08000212   Section        0  libshutdown2.o(.ARM.Collect$$libshutdown$$0000000A)
    .ARM.Collect$$libshutdown$$0000000C      0x08000212   Section        0  libshutdown2.o(.ARM.Collect$$libshutdown$$0000000C)
    .ARM.Collect$$libshutdown$$0000000F      0x08000212   Section        0  libshutdown2.o(.ARM.Collect$$libshutdown$$0000000F)
    .ARM.Collect$$libshutdown$$00000010      0x08000212   Section        2  libshutdown2.o(.ARM.Collect$$libshutdown$$00000010)
    .ARM.Collect$$rtentry$$00000000          0x08000214   Section        0  __rtentry.o(.ARM.Collect$$rtentry$$00000000)
    .ARM.Collect$$rtentry$$00000002          0x08000214   Section        0  __rtentry2.o(.ARM.Collect$$rtentry$$00000002)
    .ARM.Collect$$rtentry$$00000004          0x08000214   Section        6  __rtentry4.o(.ARM.Collect$$rtentry$$00000004)
    .ARM.Collect$$rtentry$$00000009          0x0800021a   Section        0  __rtentry2.o(.ARM.Collect$$rtentry$$00000009)
    .ARM.Collect$$rtentry$$0000000A          0x0800021a   Section        4  __rtentry2.o(.ARM.Collect$$rtentry$$0000000A)
    .ARM.Collect$$rtentry$$0000000C          0x0800021e   Section        0  __rtentry2.o(.ARM.Collect$$rtentry$$0000000C)
    .ARM.Collect$$rtentry$$0000000D          0x0800021e   Section        8  __rtentry2.o(.ARM.Collect$$rtentry$$0000000D)
    .ARM.Collect$$rtexit$$00000000           0x08000226   Section        2  rtexit.o(.ARM.Collect$$rtexit$$00000000)
    .ARM.Collect$$rtexit$$00000002           0x08000228   Section        0  rtexit2.o(.ARM.Collect$$rtexit$$00000002)
    .ARM.Collect$$rtexit$$00000003           0x08000228   Section        4  rtexit2.o(.ARM.Collect$$rtexit$$00000003)
    .ARM.Collect$$rtexit$$00000004           0x0800022c   Section        6  rtexit2.o(.ARM.Collect$$rtexit$$00000004)
    .text                                    0x08000234   Section       64  startup_stm32f10x_md.o(.text)
    .text                                    0x08000274   Section        0  sprintf.o(.text)
    .text                                    0x080002a0   Section        0  heapauxi.o(.text)
    .text                                    0x080002a6   Section        0  _printf_pad.o(.text)
    .text                                    0x080002f4   Section        0  _printf_truncate.o(.text)
    .text                                    0x08000318   Section        0  _printf_str.o(.text)
    .text                                    0x0800036c   Section        0  _printf_dec.o(.text)
    .text                                    0x080003e4   Section        0  _printf_charcount.o(.text)
    _printf_input_char                       0x0800040d   Thumb Code    10  _printf_char_common.o(.text)
    .text                                    0x0800040c   Section        0  _printf_char_common.o(.text)
    .text                                    0x0800043c   Section        0  _sputc.o(.text)
    .text                                    0x08000448   Section        0  _printf_wctomb.o(.text)
    .text                                    0x08000504   Section        0  _printf_longlong_dec.o(.text)
    _printf_longlong_oct_internal            0x08000581   Thumb Code     0  _printf_oct_int_ll.o(.text)
    .text                                    0x08000580   Section        0  _printf_oct_int_ll.o(.text)
    _printf_hex_common                       0x080005f1   Thumb Code     0  _printf_hex_int_ll_ptr.o(.text)
    .text                                    0x080005f0   Section        0  _printf_hex_int_ll_ptr.o(.text)
    .text                                    0x08000684   Section        0  __printf_flags_ss_wp.o(.text)
    .text                                    0x0800080c   Section      138  lludiv10.o(.text)
    .text                                    0x08000896   Section        0  _printf_intcommon.o(.text)
    _fp_digits                               0x08000949   Thumb Code   432  _printf_fp_dec.o(.text)
    .text                                    0x08000948   Section        0  _printf_fp_dec.o(.text)
    .text                                    0x08000d64   Section        0  _printf_fp_hex.o(.text)
    .text                                    0x08001060   Section        0  _printf_char.o(.text)
    .text                                    0x0800108c   Section        0  _printf_wchar.o(.text)
    .text                                    0x080010b8   Section        0  _c16rtomb.o(.text)
    .text                                    0x08001100   Section       74  sys_stackheap_outer.o(.text)
    .text                                    0x0800114c   Section       16  rt_ctype_table.o(.text)
    .text                                    0x0800115c   Section        8  rt_locale_intlibspace.o(.text)
    .text                                    0x08001164   Section        0  _printf_fp_infnan.o(.text)
    .text                                    0x080011e4   Section        0  bigflt0.o(.text)
    .text                                    0x080012c8   Section        0  exit.o(.text)
    .text                                    0x080012dc   Section        8  libspace.o(.text)
    .text                                    0x080012e4   Section      128  strcmpv7m.o(.text)
    .text                                    0x08001364   Section        0  sys_exit.o(.text)
    .text                                    0x08001370   Section        2  use_no_semi.o(.text)
    .text                                    0x08001372   Section        0  indicate_semi.o(.text)
    [Anonymous Symbol]                       0x08001374   Section        0  main.o(.text.EXTI0_IRQHandler)
    [Anonymous Symbol]                       0x080013e8   Section        0  stm32f10x_exti.o(.text.EXTI_ClearITPendingBit)
    [Anonymous Symbol]                       0x080013fc   Section        0  stm32f10x_exti.o(.text.EXTI_GetITStatus)
    [Anonymous Symbol]                       0x08001448   Section        0  stm32f10x_exti.o(.text.EXTI_Init)
    [Anonymous Symbol]                       0x08001534   Section        0  stm32f10x_gpio.o(.text.GPIO_EXTILineConfig)
    [Anonymous Symbol]                       0x08001588   Section        0  stm32f10x_gpio.o(.text.GPIO_Init)
    [Anonymous Symbol]                       0x08001710   Section        0  stm32f10x_gpio.o(.text.GPIO_ReadInputDataBit)
    [Anonymous Symbol]                       0x08001744   Section        0  misc.o(.text.NVIC_Init)
    [Anonymous Symbol]                       0x080017f0   Section        0  stm32f10x_rcc.o(.text.RCC_APB1PeriphClockCmd)
    [Anonymous Symbol]                       0x08001828   Section        0  stm32f10x_rcc.o(.text.RCC_APB2PeriphClockCmd)
    [Anonymous Symbol]                       0x08001860   Section        0  stm32f10x_rcc.o(.text.RCC_GetClocksFreq)
    SetSysClock                              0x080019d5   Thumb Code     8  system_stm32f10x.o(.text.SetSysClock)
    [Anonymous Symbol]                       0x080019d4   Section        0  system_stm32f10x.o(.text.SetSysClock)
    SetSysClockTo72                          0x080019dd   Thumb Code   290  system_stm32f10x.o(.text.SetSysClockTo72)
    [Anonymous Symbol]                       0x080019dc   Section        0  system_stm32f10x.o(.text.SetSysClockTo72)
    SysConfig                                0x08001b01   Thumb Code   378  main.o(.text.SysConfig)
    [Anonymous Symbol]                       0x08001b00   Section        0  main.o(.text.SysConfig)
    SysTick_Config                           0x08001c7d   Thumb Code    82  main.o(.text.SysTick_Config)
    [Anonymous Symbol]                       0x08001c7c   Section        0  main.o(.text.SysTick_Config)
    [Anonymous Symbol]                       0x08001cd0   Section        0  main.o(.text.SysTick_Handler)
    [Anonymous Symbol]                       0x08001ce0   Section        0  system_stm32f10x.o(.text.SystemCoreClockUpdate)
    [Anonymous Symbol]                       0x08001e04   Section        0  system_stm32f10x.o(.text.SystemInit)
    [Anonymous Symbol]                       0x08001e6c   Section        0  stm32f10x_tim.o(.text.TIM_Cmd)
    [Anonymous Symbol]                       0x08001e98   Section        0  stm32f10x_tim.o(.text.TIM_TimeBaseInit)
    [Anonymous Symbol]                       0x08001fdc   Section        0  stm32f10x_usart.o(.text.USART_Cmd)
    [Anonymous Symbol]                       0x08002008   Section        0  stm32f10x_usart.o(.text.USART_GetFlagStatus)
    [Anonymous Symbol]                       0x0800204c   Section        0  stm32f10x_usart.o(.text.USART_Init)
    [Anonymous Symbol]                       0x080021a8   Section        0  stm32f10x_usart.o(.text.USART_SendData)
    __NVIC_SetPriority                       0x080021c1   Thumb Code    66  main.o(.text.__NVIC_SetPriority)
    [Anonymous Symbol]                       0x080021c0   Section        0  main.o(.text.__NVIC_SetPriority)
    debounce                                 0x08002205   Thumb Code    88  main.o(.text.debounce)
    [Anonymous Symbol]                       0x08002204   Section        0  main.o(.text.debounce)
    [Anonymous Symbol]                       0x0800225c   Section        0  main.o(.text.main)
    max                                      0x080023f9   Thumb Code    38  main.o(.text.max)
    [Anonymous Symbol]                       0x080023f8   Section        0  main.o(.text.max)
    millis                                   0x08002421   Thumb Code    12  main.o(.text.millis)
    [Anonymous Symbol]                       0x08002420   Section        0  main.o(.text.millis)
    print                                    0x0800242d   Thumb Code    56  main.o(.text.print)
    [Anonymous Symbol]                       0x0800242c   Section        0  main.o(.text.print)
    printChar                                0x08002465   Thumb Code    50  main.o(.text.printChar)
    [Anonymous Symbol]                       0x08002464   Section        0  main.o(.text.printChar)
    wait                                     0x08002499   Thumb Code    62  main.o(.text.wait)
    [Anonymous Symbol]                       0x08002498   Section        0  main.o(.text.wait)
    CL$$btod_d2e                             0x080024d6   Section       62  btod.o(CL$$btod_d2e)
    CL$$btod_d2e_denorm_low                  0x08002514   Section       70  btod.o(CL$$btod_d2e_denorm_low)
    CL$$btod_d2e_norm_op1                    0x0800255a   Section       96  btod.o(CL$$btod_d2e_norm_op1)
    CL$$btod_div_common                      0x080025bc   Section      824  btod.o(CL$$btod_div_common)
    CL$$btod_e2e                             0x080028f4   Section      220  btod.o(CL$$btod_e2e)
    CL$$btod_ediv                            0x080029d0   Section       42  btod.o(CL$$btod_ediv)
    CL$$btod_emul                            0x080029fa   Section       42  btod.o(CL$$btod_emul)
    CL$$btod_mult_common                     0x08002a24   Section      580  btod.o(CL$$btod_mult_common)
    i.__ARM_fpclassify                       0x08002c68   Section        0  fpclassify.o(i.__ARM_fpclassify)
    i._is_digit                              0x08002c90   Section        0  __printf_wp.o(i._is_digit)
    locale$$code                             0x08002ca0   Section       44  lc_numeric_c.o(locale$$code)
    locale$$code                             0x08002ccc   Section       44  lc_ctype_c.o(locale$$code)
    x$fpl$d2f                                0x08002cf8   Section       98  d2f.o(x$fpl$d2f)
    x$fpl$ddiv                               0x08002d5c   Section      692  ddiv.o(x$fpl$ddiv)
    ddiv_entry                               0x08002d63   Thumb Code     0  ddiv.o(x$fpl$ddiv)
    x$fpl$dfltu                              0x08003010   Section       38  dflt_clz.o(x$fpl$dfltu)
    x$fpl$dmul                               0x08003038   Section      340  dmul.o(x$fpl$dmul)
    x$fpl$dnaninf                            0x0800318c   Section      156  dnaninf.o(x$fpl$dnaninf)
    x$fpl$dretinf                            0x08003228   Section       12  dretinf.o(x$fpl$dretinf)
    x$fpl$f2d                                0x08003234   Section       86  f2d.o(x$fpl$f2d)
    x$fpl$fcmp                               0x0800328a   Section       84  fcmp.o(x$fpl$fcmp)
    x$fpl$fcmpinf                            0x080032de   Section       24  fcmpi.o(x$fpl$fcmpinf)
    x$fpl$feqf                               0x080032f8   Section      104  feqf.o(x$fpl$feqf)
    x$fpl$fgeqf                              0x08003360   Section      104  fgeqf.o(x$fpl$fgeqf)
    x$fpl$fleqf                              0x080033c8   Section      104  fleqf.o(x$fpl$fleqf)
    x$fpl$fnaninf                            0x08003430   Section      140  fnaninf.o(x$fpl$fnaninf)
    x$fpl$fretinf                            0x080034bc   Section       10  fretinf.o(x$fpl$fretinf)
    x$fpl$printf1                            0x080034c6   Section        4  printf1.o(x$fpl$printf1)
    x$fpl$printf2                            0x080034ca   Section        4  printf2.o(x$fpl$printf2)
    x$fpl$usenofp                            0x080034ce   Section        0  usenofp.o(x$fpl$usenofp)
    initial_mbstate                          0x080034d0   Data           8  _printf_wctomb.o(.constdata)
    .constdata                               0x080034d0   Section        8  _printf_wctomb.o(.constdata)
    uc_hextab                                0x080034d8   Data          20  _printf_hex_int_ll_ptr.o(.constdata)
    .constdata                               0x080034d8   Section       40  _printf_hex_int_ll_ptr.o(.constdata)
    lc_hextab                                0x080034ec   Data          20  _printf_hex_int_ll_ptr.o(.constdata)
    maptable                                 0x08003500   Data          17  __printf_flags_ss_wp.o(.constdata)
    .constdata                               0x08003500   Section       17  __printf_flags_ss_wp.o(.constdata)
    lc_hextab                                0x08003511   Data          19  _printf_fp_hex.o(.constdata)
    .constdata                               0x08003511   Section       38  _printf_fp_hex.o(.constdata)
    uc_hextab                                0x08003524   Data          19  _printf_fp_hex.o(.constdata)
    tenpwrs_x                                0x08003538   Data          60  bigflt0.o(.constdata)
    .constdata                               0x08003538   Section      148  bigflt0.o(.constdata)
    tenpwrs_i                                0x08003574   Data          64  bigflt0.o(.constdata)
    ADCPrescTable                            0x080035cc   Data           4  stm32f10x_rcc.o(.rodata.ADCPrescTable)
    [Anonymous Symbol]                       0x080035cc   Section        0  stm32f10x_rcc.o(.rodata.ADCPrescTable)
    APBAHBPrescTable                         0x080035e0   Data          16  stm32f10x_rcc.o(.rodata.APBAHBPrescTable)
    [Anonymous Symbol]                       0x080035e0   Section        0  stm32f10x_rcc.o(.rodata.APBAHBPrescTable)
    .L.str                                   0x080035f0   Data          63  main.o(.rodata.str1.1)
    [Anonymous Symbol]                       0x080035f0   Section        0  main.o(.rodata.str1.1)
    locale$$data                             0x08003650   Section       28  lc_numeric_c.o(locale$$data)
    __lcnum_c_name                           0x08003654   Data           2  lc_numeric_c.o(locale$$data)
    __lcnum_c_start                          0x0800365c   Data           0  lc_numeric_c.o(locale$$data)
    __lcnum_c_point                          0x08003668   Data           0  lc_numeric_c.o(locale$$data)
    __lcnum_c_thousands                      0x0800366a   Data           0  lc_numeric_c.o(locale$$data)
    __lcnum_c_grouping                       0x0800366b   Data           0  lc_numeric_c.o(locale$$data)
    __lcnum_c_end                            0x0800366c   Data           0  lc_numeric_c.o(locale$$data)
    locale$$data                             0x0800366c   Section      272  lc_ctype_c.o(locale$$data)
    __lcctype_c_name                         0x08003670   Data           2  lc_ctype_c.o(locale$$data)
    __lcctype_c_start                        0x08003678   Data           0  lc_ctype_c.o(locale$$data)
    __lcctype_c_end                          0x0800377c   Data           0  lc_ctype_c.o(locale$$data)
    .bss                                     0x20000008   Section       96  libspace.o(.bss)
    IT_FLAG                                  0x20000068   Data           1  main.o(.bss.IT_FLAG)
    [Anonymous Symbol]                       0x20000068   Section        0  main.o(.bss.IT_FLAG)
    bantCounter                              0x2000006a   Data           2  main.o(.bss.bantCounter)
    [Anonymous Symbol]                       0x2000006a   Section        0  main.o(.bss.bantCounter)
    debounce.State                           0x2000006c   Data           2  main.o(.bss.debounce.State)
    [Anonymous Symbol]                       0x2000006c   Section        0  main.o(.bss.debounce.State)
    millisCounter                            0x20000078   Data           4  main.o(.bss.millisCounter)
    [Anonymous Symbol]                       0x20000078   Section        0  main.o(.bss.millisCounter)
    oldTime                                  0x200000cc   Data           4  main.o(.bss.oldTime)
    [Anonymous Symbol]                       0x200000cc   Section        0  main.o(.bss.oldTime)
    speed                                    0x200000d0   Data           4  main.o(.bss.speed)
    [Anonymous Symbol]                       0x200000d0   Section        0  main.o(.bss.speed)
    speedKm                                  0x200000d4   Data           4  main.o(.bss.speedKm)
    [Anonymous Symbol]                       0x200000d4   Section        0  main.o(.bss.speedKm)
    timerThreshold                           0x200000d8   Data           4  main.o(.bss.timerThreshold)
    [Anonymous Symbol]                       0x200000d8   Section        0  main.o(.bss.timerThreshold)
    timerValue                               0x200000dc   Data           4  main.o(.bss.timerValue)
    [Anonymous Symbol]                       0x200000dc   Section        0  main.o(.bss.timerValue)
    Heap_Mem                                 0x200000e0   Data         512  startup_stm32f10x_md.o(HEAP)
    HEAP                                     0x200000e0   Section      512  startup_stm32f10x_md.o(HEAP)
    Stack_Mem                                0x200002e0   Data        1024  startup_stm32f10x_md.o(STACK)
    STACK                                    0x200002e0   Section     1024  startup_stm32f10x_md.o(STACK)
    __initial_sp                             0x200006e0   Data           0  startup_stm32f10x_md.o(STACK)

    Global Symbols

    Symbol Name                              Value     Ov Type        Size  Object(Section)

    BuildAttributes$$THM_ISAv4$P$D$K$B$S$PE$A:L22UL41UL21$X:L11$S22US41US21$IEEE1$IW$~IW$USESV6$~STKCKD$USESV7$~SHL$OTIME$ROPI$IEEEJ$EBA8$UX$STANDARDLIB$REQ8$PRES8$EABIv2 0x00000000   Number         0  anon$$obj.o ABSOLUTE
    __fp_init_empty                          0x00000000   Number         0  fpinit_empty.o ABSOLUTE
    _printf_flags                            0x00000000   Number         0  printf_stubs.o ABSOLUTE
    _printf_return_value                     0x00000000   Number         0  printf_stubs.o ABSOLUTE
    _printf_sizespec                         0x00000000   Number         0  printf_stubs.o ABSOLUTE
    _printf_widthprec                        0x00000000   Number         0  printf_stubs.o ABSOLUTE
    __ARM_exceptions_init                     - Undefined Weak Reference
    __alloca_initialize                       - Undefined Weak Reference
    __arm_preinit_                            - Undefined Weak Reference
    __arm_relocate_pie_                       - Undefined Weak Reference
    __cpp_initialize__aeabi_                  - Undefined Weak Reference
    __cxa_finalize                            - Undefined Weak Reference
    __sigvec_lookup                           - Undefined Weak Reference
    _atexit_init                              - Undefined Weak Reference
    _call_atexit_fns                          - Undefined Weak Reference
    _clock_init                               - Undefined Weak Reference
    _fp_trap_init                             - Undefined Weak Reference
    _fp_trap_shutdown                         - Undefined Weak Reference
    _get_lc_collate                           - Undefined Weak Reference
    _get_lc_monetary                          - Undefined Weak Reference
    _get_lc_time                              - Undefined Weak Reference
    _getenv_init                              - Undefined Weak Reference
    _handle_redirection                       - Undefined Weak Reference
    _init_alloc                               - Undefined Weak Reference
    _init_user_alloc                          - Undefined Weak Reference
    _initio                                   - Undefined Weak Reference
    _printf_mbtowc                            - Undefined Weak Reference
    _printf_wc                                - Undefined Weak Reference
    _rand_init                                - Undefined Weak Reference
    _signal_finish                            - Undefined Weak Reference
    _signal_init                              - Undefined Weak Reference
    _terminate_alloc                          - Undefined Weak Reference
    _terminate_user_alloc                     - Undefined Weak Reference
    _terminateio                              - Undefined Weak Reference
    __Vectors_Size                           0x000000ec   Number         0  startup_stm32f10x_md.o ABSOLUTE
    __Vectors                                0x08000000   Data           4  startup_stm32f10x_md.o(RESET)
    __Vectors_End                            0x080000ec   Data           0  startup_stm32f10x_md.o(RESET)
    __main                                   0x080000ed   Thumb Code     8  __main.o(!!!main)
    __scatterload                            0x080000f5   Thumb Code     0  __scatter.o(!!!scatter)
    __scatterload_rt2                        0x080000f5   Thumb Code    44  __scatter.o(!!!scatter)
    __scatterload_rt2_thumb_only             0x080000f5   Thumb Code     0  __scatter.o(!!!scatter)
    __scatterload_null                       0x08000103   Thumb Code     0  __scatter.o(!!!scatter)
    __scatterload_copy                       0x08000129   Thumb Code    26  __scatter_copy.o(!!handler_copy)
    __scatterload_zeroinit                   0x08000145   Thumb Code    28  __scatter_zi.o(!!handler_zi)
    _printf_n                                0x08000161   Thumb Code     0  _printf_n.o(.ARM.Collect$$_printf_percent$$00000001)
    _printf_percent                          0x08000161   Thumb Code     0  _printf_percent.o(.ARM.Collect$$_printf_percent$$00000000)
    _printf_p                                0x08000167   Thumb Code     0  _printf_p.o(.ARM.Collect$$_printf_percent$$00000002)
    _printf_f                                0x0800016d   Thumb Code     0  _printf_f.o(.ARM.Collect$$_printf_percent$$00000003)
    _printf_e                                0x08000173   Thumb Code     0  _printf_e.o(.ARM.Collect$$_printf_percent$$00000004)
    _printf_g                                0x08000179   Thumb Code     0  _printf_g.o(.ARM.Collect$$_printf_percent$$00000005)
    _printf_a                                0x0800017f   Thumb Code     0  _printf_a.o(.ARM.Collect$$_printf_percent$$00000006)
    _printf_ll                               0x08000185   Thumb Code     0  _printf_ll.o(.ARM.Collect$$_printf_percent$$00000007)
    _printf_i                                0x0800018f   Thumb Code     0  _printf_i.o(.ARM.Collect$$_printf_percent$$00000008)
    _printf_d                                0x08000195   Thumb Code     0  _printf_d.o(.ARM.Collect$$_printf_percent$$00000009)
    _printf_u                                0x0800019b   Thumb Code     0  _printf_u.o(.ARM.Collect$$_printf_percent$$0000000A)
    _printf_o                                0x080001a1   Thumb Code     0  _printf_o.o(.ARM.Collect$$_printf_percent$$0000000B)
    _printf_x                                0x080001a7   Thumb Code     0  _printf_x.o(.ARM.Collect$$_printf_percent$$0000000C)
    _printf_lli                              0x080001ad   Thumb Code     0  _printf_lli.o(.ARM.Collect$$_printf_percent$$0000000D)
    _printf_lld                              0x080001b3   Thumb Code     0  _printf_lld.o(.ARM.Collect$$_printf_percent$$0000000E)
    _printf_llu                              0x080001b9   Thumb Code     0  _printf_llu.o(.ARM.Collect$$_printf_percent$$0000000F)
    _printf_llo                              0x080001bf   Thumb Code     0  _printf_llo.o(.ARM.Collect$$_printf_percent$$00000010)
    _printf_llx                              0x080001c5   Thumb Code     0  _printf_llx.o(.ARM.Collect$$_printf_percent$$00000011)
    _printf_l                                0x080001cb   Thumb Code     0  _printf_l.o(.ARM.Collect$$_printf_percent$$00000012)
    _printf_c                                0x080001d5   Thumb Code     0  _printf_c.o(.ARM.Collect$$_printf_percent$$00000013)
    _printf_s                                0x080001db   Thumb Code     0  _printf_s.o(.ARM.Collect$$_printf_percent$$00000014)
    _printf_lc                               0x080001e1   Thumb Code     0  _printf_lc.o(.ARM.Collect$$_printf_percent$$00000015)
    _printf_ls                               0x080001e7   Thumb Code     0  _printf_ls.o(.ARM.Collect$$_printf_percent$$00000016)
    _printf_percent_end                      0x080001ed   Thumb Code     0  _printf_percent_end.o(.ARM.Collect$$_printf_percent$$00000017)
    __rt_lib_init                            0x080001f1   Thumb Code     0  libinit.o(.ARM.Collect$$libinit$$00000000)
    __rt_lib_init_fp_1                       0x080001f3   Thumb Code     0  libinit2.o(.ARM.Collect$$libinit$$00000002)
    __rt_lib_init_heap_1                     0x080001f3   Thumb Code     0  libinit2.o(.ARM.Collect$$libinit$$0000000C)
    __rt_lib_init_lc_common                  0x080001f3   Thumb Code     0  libinit2.o(.ARM.Collect$$libinit$$00000011)
    __rt_lib_init_preinit_1                  0x080001f3   Thumb Code     0  libinit2.o(.ARM.Collect$$libinit$$00000006)
    __rt_lib_init_rand_1                     0x080001f3   Thumb Code     0  libinit2.o(.ARM.Collect$$libinit$$00000010)
    __rt_lib_init_relocate_pie_1             0x080001f3   Thumb Code     0  libinit2.o(.ARM.Collect$$libinit$$00000004)
    __rt_lib_init_user_alloc_1               0x080001f3   Thumb Code     0  libinit2.o(.ARM.Collect$$libinit$$0000000E)
    __rt_lib_init_lc_collate_1               0x080001f9   Thumb Code     0  libinit2.o(.ARM.Collect$$libinit$$00000013)
    __rt_lib_init_lc_ctype_2                 0x080001f9   Thumb Code     0  libinit2.o(.ARM.Collect$$libinit$$00000014)
    __rt_lib_init_lc_ctype_1                 0x08000205   Thumb Code     0  libinit2.o(.ARM.Collect$$libinit$$00000015)
    __rt_lib_init_lc_monetary_1              0x08000205   Thumb Code     0  libinit2.o(.ARM.Collect$$libinit$$00000017)
    __rt_lib_init_lc_numeric_2               0x08000205   Thumb Code     0  libinit2.o(.ARM.Collect$$libinit$$00000018)
    __rt_lib_init_alloca_1                   0x0800020f   Thumb Code     0  libinit2.o(.ARM.Collect$$libinit$$00000030)
    __rt_lib_init_argv_1                     0x0800020f   Thumb Code     0  libinit2.o(.ARM.Collect$$libinit$$0000002E)
    __rt_lib_init_atexit_1                   0x0800020f   Thumb Code     0  libinit2.o(.ARM.Collect$$libinit$$0000001D)
    __rt_lib_init_clock_1                    0x0800020f   Thumb Code     0  libinit2.o(.ARM.Collect$$libinit$$00000023)
    __rt_lib_init_cpp_1                      0x0800020f   Thumb Code     0  libinit2.o(.ARM.Collect$$libinit$$00000034)
    __rt_lib_init_exceptions_1               0x0800020f   Thumb Code     0  libinit2.o(.ARM.Collect$$libinit$$00000032)
    __rt_lib_init_fp_trap_1                  0x0800020f   Thumb Code     0  libinit2.o(.ARM.Collect$$libinit$$00000021)
    __rt_lib_init_getenv_1                   0x0800020f   Thumb Code     0  libinit2.o(.ARM.Collect$$libinit$$00000025)
    __rt_lib_init_lc_numeric_1               0x0800020f   Thumb Code     0  libinit2.o(.ARM.Collect$$libinit$$00000019)
    __rt_lib_init_lc_time_1                  0x0800020f   Thumb Code     0  libinit2.o(.ARM.Collect$$libinit$$0000001B)
    __rt_lib_init_return                     0x0800020f   Thumb Code     0  libinit2.o(.ARM.Collect$$libinit$$00000035)
    __rt_lib_init_signal_1                   0x0800020f   Thumb Code     0  libinit2.o(.ARM.Collect$$libinit$$0000001F)
    __rt_lib_init_stdio_1                    0x0800020f   Thumb Code     0  libinit2.o(.ARM.Collect$$libinit$$00000027)
    __rt_lib_shutdown                        0x08000211   Thumb Code     0  libshutdown.o(.ARM.Collect$$libshutdown$$00000000)
    __rt_lib_shutdown_cpp_1                  0x08000213   Thumb Code     0  libshutdown2.o(.ARM.Collect$$libshutdown$$00000002)
    __rt_lib_shutdown_fp_trap_1              0x08000213   Thumb Code     0  libshutdown2.o(.ARM.Collect$$libshutdown$$00000007)
    __rt_lib_shutdown_heap_1                 0x08000213   Thumb Code     0  libshutdown2.o(.ARM.Collect$$libshutdown$$0000000F)
    __rt_lib_shutdown_return                 0x08000213   Thumb Code     0  libshutdown2.o(.ARM.Collect$$libshutdown$$00000010)
    __rt_lib_shutdown_signal_1               0x08000213   Thumb Code     0  libshutdown2.o(.ARM.Collect$$libshutdown$$0000000A)
    __rt_lib_shutdown_stdio_1                0x08000213   Thumb Code     0  libshutdown2.o(.ARM.Collect$$libshutdown$$00000004)
    __rt_lib_shutdown_user_alloc_1           0x08000213   Thumb Code     0  libshutdown2.o(.ARM.Collect$$libshutdown$$0000000C)
    __rt_entry                               0x08000215   Thumb Code     0  __rtentry.o(.ARM.Collect$$rtentry$$00000000)
    __rt_entry_presh_1                       0x08000215   Thumb Code     0  __rtentry2.o(.ARM.Collect$$rtentry$$00000002)
    __rt_entry_sh                            0x08000215   Thumb Code     0  __rtentry4.o(.ARM.Collect$$rtentry$$00000004)
    __rt_entry_li                            0x0800021b   Thumb Code     0  __rtentry2.o(.ARM.Collect$$rtentry$$0000000A)
    __rt_entry_postsh_1                      0x0800021b   Thumb Code     0  __rtentry2.o(.ARM.Collect$$rtentry$$00000009)
    __rt_entry_main                          0x0800021f   Thumb Code     0  __rtentry2.o(.ARM.Collect$$rtentry$$0000000D)
    __rt_entry_postli_1                      0x0800021f   Thumb Code     0  __rtentry2.o(.ARM.Collect$$rtentry$$0000000C)
    __rt_exit                                0x08000227   Thumb Code     0  rtexit.o(.ARM.Collect$$rtexit$$00000000)
    __rt_exit_ls                             0x08000229   Thumb Code     0  rtexit2.o(.ARM.Collect$$rtexit$$00000003)
    __rt_exit_prels_1                        0x08000229   Thumb Code     0  rtexit2.o(.ARM.Collect$$rtexit$$00000002)
    __rt_exit_exit                           0x0800022d   Thumb Code     0  rtexit2.o(.ARM.Collect$$rtexit$$00000004)
    Reset_Handler                            0x08000235   Thumb Code     8  startup_stm32f10x_md.o(.text)
    NMI_Handler                              0x0800023d   Thumb Code     2  startup_stm32f10x_md.o(.text)
    HardFault_Handler                        0x0800023f   Thumb Code     2  startup_stm32f10x_md.o(.text)
    MemManage_Handler                        0x08000241   Thumb Code     2  startup_stm32f10x_md.o(.text)
    BusFault_Handler                         0x08000243   Thumb Code     2  startup_stm32f10x_md.o(.text)
    UsageFault_Handler                       0x08000245   Thumb Code     2  startup_stm32f10x_md.o(.text)
    SVC_Handler                              0x08000247   Thumb Code     2  startup_stm32f10x_md.o(.text)
    DebugMon_Handler                         0x08000249   Thumb Code     2  startup_stm32f10x_md.o(.text)
    PendSV_Handler                           0x0800024b   Thumb Code     2  startup_stm32f10x_md.o(.text)
    ADC1_2_IRQHandler                        0x0800024f   Thumb Code     0  startup_stm32f10x_md.o(.text)
    CAN1_RX1_IRQHandler                      0x0800024f   Thumb Code     0  startup_stm32f10x_md.o(.text)
    CAN1_SCE_IRQHandler                      0x0800024f   Thumb Code     0  startup_stm32f10x_md.o(.text)
    DMA1_Channel1_IRQHandler                 0x0800024f   Thumb Code     0  startup_stm32f10x_md.o(.text)
    DMA1_Channel2_IRQHandler                 0x0800024f   Thumb Code     0  startup_stm32f10x_md.o(.text)
    DMA1_Channel3_IRQHandler                 0x0800024f   Thumb Code     0  startup_stm32f10x_md.o(.text)
    DMA1_Channel4_IRQHandler                 0x0800024f   Thumb Code     0  startup_stm32f10x_md.o(.text)
    DMA1_Channel5_IRQHandler                 0x0800024f   Thumb Code     0  startup_stm32f10x_md.o(.text)
    DMA1_Channel6_IRQHandler                 0x0800024f   Thumb Code     0  startup_stm32f10x_md.o(.text)
    DMA1_Channel7_IRQHandler                 0x0800024f   Thumb Code     0  startup_stm32f10x_md.o(.text)
    EXTI15_10_IRQHandler                     0x0800024f   Thumb Code     0  startup_stm32f10x_md.o(.text)
    EXTI1_IRQHandler                         0x0800024f   Thumb Code     0  startup_stm32f10x_md.o(.text)
    EXTI2_IRQHandler                         0x0800024f   Thumb Code     0  startup_stm32f10x_md.o(.text)
    EXTI3_IRQHandler                         0x0800024f   Thumb Code     0  startup_stm32f10x_md.o(.text)
    EXTI4_IRQHandler                         0x0800024f   Thumb Code     0  startup_stm32f10x_md.o(.text)
    EXTI9_5_IRQHandler                       0x0800024f   Thumb Code     0  startup_stm32f10x_md.o(.text)
    FLASH_IRQHandler                         0x0800024f   Thumb Code     0  startup_stm32f10x_md.o(.text)
    I2C1_ER_IRQHandler                       0x0800024f   Thumb Code     0  startup_stm32f10x_md.o(.text)
    I2C1_EV_IRQHandler                       0x0800024f   Thumb Code     0  startup_stm32f10x_md.o(.text)
    I2C2_ER_IRQHandler                       0x0800024f   Thumb Code     0  startup_stm32f10x_md.o(.text)
    I2C2_EV_IRQHandler                       0x0800024f   Thumb Code     0  startup_stm32f10x_md.o(.text)
    PVD_IRQHandler                           0x0800024f   Thumb Code     0  startup_stm32f10x_md.o(.text)
    RCC_IRQHandler                           0x0800024f   Thumb Code     0  startup_stm32f10x_md.o(.text)
    RTCAlarm_IRQHandler                      0x0800024f   Thumb Code     0  startup_stm32f10x_md.o(.text)
    RTC_IRQHandler                           0x0800024f   Thumb Code     0  startup_stm32f10x_md.o(.text)
    SPI1_IRQHandler                          0x0800024f   Thumb Code     0  startup_stm32f10x_md.o(.text)
    SPI2_IRQHandler                          0x0800024f   Thumb Code     0  startup_stm32f10x_md.o(.text)
    TAMPER_IRQHandler                        0x0800024f   Thumb Code     0  startup_stm32f10x_md.o(.text)
    TIM1_BRK_IRQHandler                      0x0800024f   Thumb Code     0  startup_stm32f10x_md.o(.text)
    TIM1_CC_IRQHandler                       0x0800024f   Thumb Code     0  startup_stm32f10x_md.o(.text)
    TIM1_TRG_COM_IRQHandler                  0x0800024f   Thumb Code     0  startup_stm32f10x_md.o(.text)
    TIM1_UP_IRQHandler                       0x0800024f   Thumb Code     0  startup_stm32f10x_md.o(.text)
    TIM2_IRQHandler                          0x0800024f   Thumb Code     0  startup_stm32f10x_md.o(.text)
    TIM3_IRQHandler                          0x0800024f   Thumb Code     0  startup_stm32f10x_md.o(.text)
    TIM4_IRQHandler                          0x0800024f   Thumb Code     0  startup_stm32f10x_md.o(.text)
    USART1_IRQHandler                        0x0800024f   Thumb Code     0  startup_stm32f10x_md.o(.text)
    USART2_IRQHandler                        0x0800024f   Thumb Code     0  startup_stm32f10x_md.o(.text)
    USART3_IRQHandler                        0x0800024f   Thumb Code     0  startup_stm32f10x_md.o(.text)
    USBWakeUp_IRQHandler                     0x0800024f   Thumb Code     0  startup_stm32f10x_md.o(.text)
    USB_HP_CAN1_TX_IRQHandler                0x0800024f   Thumb Code     0  startup_stm32f10x_md.o(.text)
    USB_LP_CAN1_RX0_IRQHandler               0x0800024f   Thumb Code     0  startup_stm32f10x_md.o(.text)
    WWDG_IRQHandler                          0x0800024f   Thumb Code     0  startup_stm32f10x_md.o(.text)
    __user_initial_stackheap                 0x08000251   Thumb Code     0  startup_stm32f10x_md.o(.text)
    sprintf                                  0x08000275   Thumb Code    38  sprintf.o(.text)
    __use_two_region_memory                  0x080002a1   Thumb Code     2  heapauxi.o(.text)
    __rt_heap_escrow$2region                 0x080002a3   Thumb Code     2  heapauxi.o(.text)
    __rt_heap_expand$2region                 0x080002a5   Thumb Code     2  heapauxi.o(.text)
    _printf_pre_padding                      0x080002a7   Thumb Code    44  _printf_pad.o(.text)
    _printf_post_padding                     0x080002d3   Thumb Code    34  _printf_pad.o(.text)
    _printf_truncate_signed                  0x080002f5   Thumb Code    18  _printf_truncate.o(.text)
    _printf_truncate_unsigned                0x08000307   Thumb Code    18  _printf_truncate.o(.text)
    _printf_str                              0x08000319   Thumb Code    82  _printf_str.o(.text)
    _printf_int_dec                          0x0800036d   Thumb Code   104  _printf_dec.o(.text)
    _printf_charcount                        0x080003e5   Thumb Code    40  _printf_charcount.o(.text)
    _printf_char_common                      0x08000417   Thumb Code    32  _printf_char_common.o(.text)
    _sputc                                   0x0800043d   Thumb Code    10  _sputc.o(.text)
    _printf_wctomb                           0x08000449   Thumb Code   182  _printf_wctomb.o(.text)
    _printf_longlong_dec                     0x08000505   Thumb Code   108  _printf_longlong_dec.o(.text)
    _printf_longlong_oct                     0x08000581   Thumb Code    68  _printf_oct_int_ll.o(.text)
    _printf_int_oct                          0x080005c5   Thumb Code    24  _printf_oct_int_ll.o(.text)
    _printf_ll_oct                           0x080005dd   Thumb Code    12  _printf_oct_int_ll.o(.text)
    _printf_longlong_hex                     0x080005f1   Thumb Code    86  _printf_hex_int_ll_ptr.o(.text)
    _printf_int_hex                          0x08000647   Thumb Code    28  _printf_hex_int_ll_ptr.o(.text)
    _printf_ll_hex                           0x08000663   Thumb Code    12  _printf_hex_int_ll_ptr.o(.text)
    _printf_hex_ptr                          0x0800066f   Thumb Code    18  _printf_hex_int_ll_ptr.o(.text)
    __printf                                 0x08000685   Thumb Code   388  __printf_flags_ss_wp.o(.text)
    _ll_udiv10                               0x0800080d   Thumb Code   138  lludiv10.o(.text)
    _printf_int_common                       0x08000897   Thumb Code   178  _printf_intcommon.o(.text)
    _printf_fp_dec_real                      0x08000af9   Thumb Code   620  _printf_fp_dec.o(.text)
    _printf_fp_hex_real                      0x08000d65   Thumb Code   756  _printf_fp_hex.o(.text)
    _printf_cs_common                        0x08001061   Thumb Code    20  _printf_char.o(.text)
    _printf_char                             0x08001075   Thumb Code    16  _printf_char.o(.text)
    _printf_string                           0x08001085   Thumb Code     8  _printf_char.o(.text)
    _printf_lcs_common                       0x0800108d   Thumb Code    20  _printf_wchar.o(.text)
    _printf_wchar                            0x080010a1   Thumb Code    16  _printf_wchar.o(.text)
    _printf_wstring                          0x080010b1   Thumb Code     8  _printf_wchar.o(.text)
    _c16rtomb                                0x080010b9   Thumb Code    72  _c16rtomb.o(.text)
    _wcrtomb                                 0x080010b9   Thumb Code     0  _c16rtomb.o(.text)
    __user_setup_stackheap                   0x08001101   Thumb Code    74  sys_stackheap_outer.o(.text)
    __rt_ctype_table                         0x0800114d   Thumb Code    16  rt_ctype_table.o(.text)
    __rt_locale                              0x0800115d   Thumb Code     8  rt_locale_intlibspace.o(.text)
    _printf_fp_infnan                        0x08001165   Thumb Code   112  _printf_fp_infnan.o(.text)
    _btod_etento                             0x080011e5   Thumb Code   224  bigflt0.o(.text)
    exit                                     0x080012c9   Thumb Code    18  exit.o(.text)
    __user_libspace                          0x080012dd   Thumb Code     8  libspace.o(.text)
    __user_perproc_libspace                  0x080012dd   Thumb Code     0  libspace.o(.text)
    __user_perthread_libspace                0x080012dd   Thumb Code     0  libspace.o(.text)
    strcmp                                   0x080012e5   Thumb Code   128  strcmpv7m.o(.text)
    _sys_exit                                0x08001365   Thumb Code     8  sys_exit.o(.text)
    __I$use$semihosting                      0x08001371   Thumb Code     0  use_no_semi.o(.text)
    __use_no_semihosting_swi                 0x08001371   Thumb Code     2  use_no_semi.o(.text)
    __semihosting_library_function           0x08001373   Thumb Code     0  indicate_semi.o(.text)
    EXTI0_IRQHandler                         0x08001375   Thumb Code   116  main.o(.text.EXTI0_IRQHandler)
    EXTI_ClearITPendingBit                   0x080013e9   Thumb Code    20  stm32f10x_exti.o(.text.EXTI_ClearITPendingBit)
    EXTI_GetITStatus                         0x080013fd   Thumb Code    76  stm32f10x_exti.o(.text.EXTI_GetITStatus)
    EXTI_Init                                0x08001449   Thumb Code   234  stm32f10x_exti.o(.text.EXTI_Init)
    GPIO_EXTILineConfig                      0x08001535   Thumb Code    84  stm32f10x_gpio.o(.text.GPIO_EXTILineConfig)
    GPIO_Init                                0x08001589   Thumb Code   390  stm32f10x_gpio.o(.text.GPIO_Init)
    GPIO_ReadInputDataBit                    0x08001711   Thumb Code    52  stm32f10x_gpio.o(.text.GPIO_ReadInputDataBit)
    NVIC_Init                                0x08001745   Thumb Code   170  misc.o(.text.NVIC_Init)
    RCC_APB1PeriphClockCmd                   0x080017f1   Thumb Code    56  stm32f10x_rcc.o(.text.RCC_APB1PeriphClockCmd)
    RCC_APB2PeriphClockCmd                   0x08001829   Thumb Code    56  stm32f10x_rcc.o(.text.RCC_APB2PeriphClockCmd)
    RCC_GetClocksFreq                        0x08001861   Thumb Code   370  stm32f10x_rcc.o(.text.RCC_GetClocksFreq)
    SysTick_Handler                          0x08001cd1   Thumb Code    16  main.o(.text.SysTick_Handler)
    SystemCoreClockUpdate                    0x08001ce1   Thumb Code   290  system_stm32f10x.o(.text.SystemCoreClockUpdate)
    SystemInit                               0x08001e05   Thumb Code   102  system_stm32f10x.o(.text.SystemInit)
    TIM_Cmd                                  0x08001e6d   Thumb Code    44  stm32f10x_tim.o(.text.TIM_Cmd)
    TIM_TimeBaseInit                         0x08001e99   Thumb Code   322  stm32f10x_tim.o(.text.TIM_TimeBaseInit)
    USART_Cmd                                0x08001fdd   Thumb Code    44  stm32f10x_usart.o(.text.USART_Cmd)
    USART_GetFlagStatus                      0x08002009   Thumb Code    68  stm32f10x_usart.o(.text.USART_GetFlagStatus)
    USART_Init                               0x0800204d   Thumb Code   348  stm32f10x_usart.o(.text.USART_Init)
    USART_SendData                           0x080021a9   Thumb Code    24  stm32f10x_usart.o(.text.USART_SendData)
    main                                     0x0800225d   Thumb Code   412  main.o(.text.main)
    _btod_d2e                                0x080024d7   Thumb Code    62  btod.o(CL$$btod_d2e)
    _d2e_denorm_low                          0x08002515   Thumb Code    70  btod.o(CL$$btod_d2e_denorm_low)
    _d2e_norm_op1                            0x0800255b   Thumb Code    96  btod.o(CL$$btod_d2e_norm_op1)
    __btod_div_common                        0x080025bd   Thumb Code   696  btod.o(CL$$btod_div_common)
    _e2e                                     0x080028f5   Thumb Code   220  btod.o(CL$$btod_e2e)
    _btod_ediv                               0x080029d1   Thumb Code    42  btod.o(CL$$btod_ediv)
    _btod_emul                               0x080029fb   Thumb Code    42  btod.o(CL$$btod_emul)
    __btod_mult_common                       0x08002a25   Thumb Code   580  btod.o(CL$$btod_mult_common)
    __ARM_fpclassify                         0x08002c69   Thumb Code    40  fpclassify.o(i.__ARM_fpclassify)
    _is_digit                                0x08002c91   Thumb Code    14  __printf_wp.o(i._is_digit)
    _get_lc_numeric                          0x08002ca1   Thumb Code    44  lc_numeric_c.o(locale$$code)
    _get_lc_ctype                            0x08002ccd   Thumb Code    44  lc_ctype_c.o(locale$$code)
    __aeabi_d2f                              0x08002cf9   Thumb Code     0  d2f.o(x$fpl$d2f)
    _d2f                                     0x08002cf9   Thumb Code    98  d2f.o(x$fpl$d2f)
    __aeabi_ddiv                             0x08002d5d   Thumb Code     0  ddiv.o(x$fpl$ddiv)
    _ddiv                                    0x08002d5d   Thumb Code   556  ddiv.o(x$fpl$ddiv)
    __aeabi_ui2d                             0x08003011   Thumb Code     0  dflt_clz.o(x$fpl$dfltu)
    _dfltu                                   0x08003011   Thumb Code    38  dflt_clz.o(x$fpl$dfltu)
    __aeabi_dmul                             0x08003039   Thumb Code     0  dmul.o(x$fpl$dmul)
    _dmul                                    0x08003039   Thumb Code   332  dmul.o(x$fpl$dmul)
    __fpl_dnaninf                            0x0800318d   Thumb Code   156  dnaninf.o(x$fpl$dnaninf)
    __fpl_dretinf                            0x08003229   Thumb Code    12  dretinf.o(x$fpl$dretinf)
    __aeabi_f2d                              0x08003235   Thumb Code     0  f2d.o(x$fpl$f2d)
    _f2d                                     0x08003235   Thumb Code    86  f2d.o(x$fpl$f2d)
    __aeabi_fcmpeq                           0x0800328b   Thumb Code     0  fcmp.o(x$fpl$fcmp)
    _feq                                     0x0800328b   Thumb Code    14  fcmp.o(x$fpl$fcmp)
    _fneq                                    0x08003299   Thumb Code    14  fcmp.o(x$fpl$fcmp)
    __aeabi_fcmpgt                           0x080032a7   Thumb Code     0  fcmp.o(x$fpl$fcmp)
    _fgr                                     0x080032a7   Thumb Code    14  fcmp.o(x$fpl$fcmp)
    __aeabi_fcmpge                           0x080032b5   Thumb Code     0  fcmp.o(x$fpl$fcmp)
    _fgeq                                    0x080032b5   Thumb Code    14  fcmp.o(x$fpl$fcmp)
    __aeabi_fcmple                           0x080032c3   Thumb Code     0  fcmp.o(x$fpl$fcmp)
    _fleq                                    0x080032c3   Thumb Code    14  fcmp.o(x$fpl$fcmp)
    __aeabi_fcmplt                           0x080032d1   Thumb Code     0  fcmp.o(x$fpl$fcmp)
    _fls                                     0x080032d1   Thumb Code    14  fcmp.o(x$fpl$fcmp)
    __fpl_fcmp_Inf                           0x080032df   Thumb Code    24  fcmpi.o(x$fpl$fcmpinf)
    __aeabi_cfcmpeq                          0x080032f9   Thumb Code     0  feqf.o(x$fpl$feqf)
    _fcmpeq                                  0x080032f9   Thumb Code   104  feqf.o(x$fpl$feqf)
    _fcmpge                                  0x08003361   Thumb Code   104  fgeqf.o(x$fpl$fgeqf)
    __aeabi_cfcmple                          0x080033c9   Thumb Code     0  fleqf.o(x$fpl$fleqf)
    _fcmple                                  0x080033c9   Thumb Code   104  fleqf.o(x$fpl$fleqf)
    __fpl_fcmple_InfNaN                      0x0800341b   Thumb Code     0  fleqf.o(x$fpl$fleqf)
    __fpl_fnaninf                            0x08003431   Thumb Code   140  fnaninf.o(x$fpl$fnaninf)
    __fpl_fretinf                            0x080034bd   Thumb Code    10  fretinf.o(x$fpl$fretinf)
    _printf_fp_dec                           0x080034c7   Thumb Code     4  printf1.o(x$fpl$printf1)
    _printf_fp_hex                           0x080034cb   Thumb Code     4  printf2.o(x$fpl$printf2)
    __I$use$fp                               0x080034ce   Number         0  usenofp.o(x$fpl$usenofp)
    AHBPrescTable                            0x080035d0   Data          16  system_stm32f10x.o(.rodata.AHBPrescTable)
    Region$$Table$$Base                      0x08003630   Number         0  anon$$obj.o(Region$$Table)
    Region$$Table$$Limit                     0x08003650   Number         0  anon$$obj.o(Region$$Table)
    __ctype                                  0x08003679   Data           0  lc_ctype_c.o(locale$$data)
    SystemCoreClock                          0x20000000   Data           4  system_stm32f10x.o(.data.SystemCoreClock)
    __libspace_start                         0x20000008   Data          96  libspace.o(.bss)
    __temporary_stack_top$libspace           0x20000068   Data           0  libspace.o(.bss)
    maxSpeed                                 0x20000070   Data           4  main.o(.bss.maxSpeed)
    maxSpeedKm                               0x20000074   Data           4  main.o(.bss.maxSpeedKm)
    navBuffer                                0x2000007c   Data          80  main.o(.bss.navBuffer)



==============================================================================

Memory Map of the image

  Image Entry point : 0x08000235

  Load Region LR_1 (Base: 0x08000000, Size: 0x00003780, Max: 0xffffffff, ABSOLUTE)

    Execution Region ER_RO (Exec base: 0x08000000, Load base: 0x08000000, Size: 0x0000377c, Max: 0xffffffff, ABSOLUTE)

    Exec Addr    Load Addr    Size         Type   Attr      Idx    E Section Name        Object

    0x08000000   0x08000000   0x000000ec   Data   RO          473    RESET               startup_stm32f10x_md.o
    0x080000ec   0x080000ec   0x00000008   Code   RO          503  * !!!main             c_w.l(__main.o)
    0x080000f4   0x080000f4   0x00000034   Code   RO          874    !!!scatter          c_w.l(__scatter.o)
    0x08000128   0x08000128   0x0000001a   Code   RO          876    !!handler_copy      c_w.l(__scatter_copy.o)
    0x08000142   0x08000142   0x00000002   PAD
    0x08000144   0x08000144   0x0000001c   Code   RO          878    !!handler_zi        c_w.l(__scatter_zi.o)
    0x08000160   0x08000160   0x00000000   Code   RO          605    .ARM.Collect$$_printf_percent$$00000000  c_w.l(_printf_percent.o)
    0x08000160   0x08000160   0x00000006   Code   RO          594    .ARM.Collect$$_printf_percent$$00000001  c_w.l(_printf_n.o)
    0x08000166   0x08000166   0x00000006   Code   RO          596    .ARM.Collect$$_printf_percent$$00000002  c_w.l(_printf_p.o)
    0x0800016c   0x0800016c   0x00000006   Code   RO          601    .ARM.Collect$$_printf_percent$$00000003  c_w.l(_printf_f.o)
    0x08000172   0x08000172   0x00000006   Code   RO          602    .ARM.Collect$$_printf_percent$$00000004  c_w.l(_printf_e.o)
    0x08000178   0x08000178   0x00000006   Code   RO          603    .ARM.Collect$$_printf_percent$$00000005  c_w.l(_printf_g.o)
    0x0800017e   0x0800017e   0x00000006   Code   RO          604    .ARM.Collect$$_printf_percent$$00000006  c_w.l(_printf_a.o)
    0x08000184   0x08000184   0x0000000a   Code   RO          609    .ARM.Collect$$_printf_percent$$00000007  c_w.l(_printf_ll.o)
    0x0800018e   0x0800018e   0x00000006   Code   RO          598    .ARM.Collect$$_printf_percent$$00000008  c_w.l(_printf_i.o)
    0x08000194   0x08000194   0x00000006   Code   RO          599    .ARM.Collect$$_printf_percent$$00000009  c_w.l(_printf_d.o)
    0x0800019a   0x0800019a   0x00000006   Code   RO          600    .ARM.Collect$$_printf_percent$$0000000A  c_w.l(_printf_u.o)
    0x080001a0   0x080001a0   0x00000006   Code   RO          597    .ARM.Collect$$_printf_percent$$0000000B  c_w.l(_printf_o.o)
    0x080001a6   0x080001a6   0x00000006   Code   RO          595    .ARM.Collect$$_printf_percent$$0000000C  c_w.l(_printf_x.o)
    0x080001ac   0x080001ac   0x00000006   Code   RO          606    .ARM.Collect$$_printf_percent$$0000000D  c_w.l(_printf_lli.o)
    0x080001b2   0x080001b2   0x00000006   Code   RO          607    .ARM.Collect$$_printf_percent$$0000000E  c_w.l(_printf_lld.o)
    0x080001b8   0x080001b8   0x00000006   Code   RO          608    .ARM.Collect$$_printf_percent$$0000000F  c_w.l(_printf_llu.o)
    0x080001be   0x080001be   0x00000006   Code   RO          613    .ARM.Collect$$_printf_percent$$00000010  c_w.l(_printf_llo.o)
    0x080001c4   0x080001c4   0x00000006   Code   RO          614    .ARM.Collect$$_printf_percent$$00000011  c_w.l(_printf_llx.o)
    0x080001ca   0x080001ca   0x0000000a   Code   RO          610    .ARM.Collect$$_printf_percent$$00000012  c_w.l(_printf_l.o)
    0x080001d4   0x080001d4   0x00000006   Code   RO          592    .ARM.Collect$$_printf_percent$$00000013  c_w.l(_printf_c.o)
    0x080001da   0x080001da   0x00000006   Code   RO          593    .ARM.Collect$$_printf_percent$$00000014  c_w.l(_printf_s.o)
    0x080001e0   0x080001e0   0x00000006   Code   RO          611    .ARM.Collect$$_printf_percent$$00000015  c_w.l(_printf_lc.o)
    0x080001e6   0x080001e6   0x00000006   Code   RO          612    .ARM.Collect$$_printf_percent$$00000016  c_w.l(_printf_ls.o)
    0x080001ec   0x080001ec   0x00000004   Code   RO          670    .ARM.Collect$$_printf_percent$$00000017  c_w.l(_printf_percent_end.o)
    0x080001f0   0x080001f0   0x00000002   Code   RO          723    .ARM.Collect$$libinit$$00000000  c_w.l(libinit.o)
    0x080001f2   0x080001f2   0x00000000   Code   RO          741    .ARM.Collect$$libinit$$00000002  c_w.l(libinit2.o)
    0x080001f2   0x080001f2   0x00000000   Code   RO          743    .ARM.Collect$$libinit$$00000004  c_w.l(libinit2.o)
    0x080001f2   0x080001f2   0x00000000   Code   RO          745    .ARM.Collect$$libinit$$00000006  c_w.l(libinit2.o)
    0x080001f2   0x080001f2   0x00000000   Code   RO          748    .ARM.Collect$$libinit$$0000000C  c_w.l(libinit2.o)
    0x080001f2   0x080001f2   0x00000000   Code   RO          750    .ARM.Collect$$libinit$$0000000E  c_w.l(libinit2.o)
    0x080001f2   0x080001f2   0x00000000   Code   RO          752    .ARM.Collect$$libinit$$00000010  c_w.l(libinit2.o)
    0x080001f2   0x080001f2   0x00000006   Code   RO          753    .ARM.Collect$$libinit$$00000011  c_w.l(libinit2.o)
    0x080001f8   0x080001f8   0x00000000   Code   RO          755    .ARM.Collect$$libinit$$00000013  c_w.l(libinit2.o)
    0x080001f8   0x080001f8   0x0000000c   Code   RO          756    .ARM.Collect$$libinit$$00000014  c_w.l(libinit2.o)
    0x08000204   0x08000204   0x00000000   Code   RO          757    .ARM.Collect$$libinit$$00000015  c_w.l(libinit2.o)
    0x08000204   0x08000204   0x00000000   Code   RO          759    .ARM.Collect$$libinit$$00000017  c_w.l(libinit2.o)
    0x08000204   0x08000204   0x0000000a   Code   RO          760    .ARM.Collect$$libinit$$00000018  c_w.l(libinit2.o)
    0x0800020e   0x0800020e   0x00000000   Code   RO          761    .ARM.Collect$$libinit$$00000019  c_w.l(libinit2.o)
    0x0800020e   0x0800020e   0x00000000   Code   RO          763    .ARM.Collect$$libinit$$0000001B  c_w.l(libinit2.o)
    0x0800020e   0x0800020e   0x00000000   Code   RO          765    .ARM.Collect$$libinit$$0000001D  c_w.l(libinit2.o)
    0x0800020e   0x0800020e   0x00000000   Code   RO          767    .ARM.Collect$$libinit$$0000001F  c_w.l(libinit2.o)
    0x0800020e   0x0800020e   0x00000000   Code   RO          769    .ARM.Collect$$libinit$$00000021  c_w.l(libinit2.o)
    0x0800020e   0x0800020e   0x00000000   Code   RO          771    .ARM.Collect$$libinit$$00000023  c_w.l(libinit2.o)
    0x0800020e   0x0800020e   0x00000000   Code   RO          773    .ARM.Collect$$libinit$$00000025  c_w.l(libinit2.o)
    0x0800020e   0x0800020e   0x00000000   Code   RO          775    .ARM.Collect$$libinit$$00000027  c_w.l(libinit2.o)
    0x0800020e   0x0800020e   0x00000000   Code   RO          779    .ARM.Collect$$libinit$$0000002E  c_w.l(libinit2.o)
    0x0800020e   0x0800020e   0x00000000   Code   RO          781    .ARM.Collect$$libinit$$00000030  c_w.l(libinit2.o)
    0x0800020e   0x0800020e   0x00000000   Code   RO          783    .ARM.Collect$$libinit$$00000032  c_w.l(libinit2.o)
    0x0800020e   0x0800020e   0x00000000   Code   RO          785    .ARM.Collect$$libinit$$00000034  c_w.l(libinit2.o)
    0x0800020e   0x0800020e   0x00000002   Code   RO          786    .ARM.Collect$$libinit$$00000035  c_w.l(libinit2.o)
    0x08000210   0x08000210   0x00000002   Code   RO          810    .ARM.Collect$$libshutdown$$00000000  c_w.l(libshutdown.o)
    0x08000212   0x08000212   0x00000000   Code   RO          825    .ARM.Collect$$libshutdown$$00000002  c_w.l(libshutdown2.o)
    0x08000212   0x08000212   0x00000000   Code   RO          827    .ARM.Collect$$libshutdown$$00000004  c_w.l(libshutdown2.o)
    0x08000212   0x08000212   0x00000000   Code   RO          830    .ARM.Collect$$libshutdown$$00000007  c_w.l(libshutdown2.o)
    0x08000212   0x08000212   0x00000000   Code   RO          833    .ARM.Collect$$libshutdown$$0000000A  c_w.l(libshutdown2.o)
    0x08000212   0x08000212   0x00000000   Code   RO          835    .ARM.Collect$$libshutdown$$0000000C  c_w.l(libshutdown2.o)
    0x08000212   0x08000212   0x00000000   Code   RO          838    .ARM.Collect$$libshutdown$$0000000F  c_w.l(libshutdown2.o)
    0x08000212   0x08000212   0x00000002   Code   RO          839    .ARM.Collect$$libshutdown$$00000010  c_w.l(libshutdown2.o)
    0x08000214   0x08000214   0x00000000   Code   RO          523    .ARM.Collect$$rtentry$$00000000  c_w.l(__rtentry.o)
    0x08000214   0x08000214   0x00000000   Code   RO          639    .ARM.Collect$$rtentry$$00000002  c_w.l(__rtentry2.o)
    0x08000214   0x08000214   0x00000006   Code   RO          651    .ARM.Collect$$rtentry$$00000004  c_w.l(__rtentry4.o)
    0x0800021a   0x0800021a   0x00000000   Code   RO          641    .ARM.Collect$$rtentry$$00000009  c_w.l(__rtentry2.o)
    0x0800021a   0x0800021a   0x00000004   Code   RO          642    .ARM.Collect$$rtentry$$0000000A  c_w.l(__rtentry2.o)
    0x0800021e   0x0800021e   0x00000000   Code   RO          644    .ARM.Collect$$rtentry$$0000000C  c_w.l(__rtentry2.o)
    0x0800021e   0x0800021e   0x00000008   Code   RO          645    .ARM.Collect$$rtentry$$0000000D  c_w.l(__rtentry2.o)
    0x08000226   0x08000226   0x00000002   Code   RO          731    .ARM.Collect$$rtexit$$00000000  c_w.l(rtexit.o)
    0x08000228   0x08000228   0x00000000   Code   RO          788    .ARM.Collect$$rtexit$$00000002  c_w.l(rtexit2.o)
    0x08000228   0x08000228   0x00000004   Code   RO          789    .ARM.Collect$$rtexit$$00000003  c_w.l(rtexit2.o)
    0x0800022c   0x0800022c   0x00000006   Code   RO          790    .ARM.Collect$$rtexit$$00000004  c_w.l(rtexit2.o)
    0x08000232   0x08000232   0x00000002   PAD
    0x08000234   0x08000234   0x00000040   Code   RO          474  * .text               startup_stm32f10x_md.o
    0x08000274   0x08000274   0x0000002c   Code   RO          499    .text               c_w.l(sprintf.o)
    0x080002a0   0x080002a0   0x00000006   Code   RO          501    .text               c_w.l(heapauxi.o)
    0x080002a6   0x080002a6   0x0000004e   Code   RO          526    .text               c_w.l(_printf_pad.o)
    0x080002f4   0x080002f4   0x00000024   Code   RO          528    .text               c_w.l(_printf_truncate.o)
    0x08000318   0x08000318   0x00000052   Code   RO          530    .text               c_w.l(_printf_str.o)
    0x0800036a   0x0800036a   0x00000002   PAD
    0x0800036c   0x0800036c   0x00000078   Code   RO          532    .text               c_w.l(_printf_dec.o)
    0x080003e4   0x080003e4   0x00000028   Code   RO          534    .text               c_w.l(_printf_charcount.o)
    0x0800040c   0x0800040c   0x00000030   Code   RO          536    .text               c_w.l(_printf_char_common.o)
    0x0800043c   0x0800043c   0x0000000a   Code   RO          538    .text               c_w.l(_sputc.o)
    0x08000446   0x08000446   0x00000002   PAD
    0x08000448   0x08000448   0x000000bc   Code   RO          540    .text               c_w.l(_printf_wctomb.o)
    0x08000504   0x08000504   0x0000007c   Code   RO          543    .text               c_w.l(_printf_longlong_dec.o)
    0x08000580   0x08000580   0x00000070   Code   RO          549    .text               c_w.l(_printf_oct_int_ll.o)
    0x080005f0   0x080005f0   0x00000094   Code   RO          569    .text               c_w.l(_printf_hex_int_ll_ptr.o)
    0x08000684   0x08000684   0x00000188   Code   RO          589    .text               c_w.l(__printf_flags_ss_wp.o)
    0x0800080c   0x0800080c   0x0000008a   Code   RO          653    .text               c_w.l(lludiv10.o)
    0x08000896   0x08000896   0x000000b2   Code   RO          655    .text               c_w.l(_printf_intcommon.o)
    0x08000948   0x08000948   0x0000041c   Code   RO          657    .text               c_w.l(_printf_fp_dec.o)
    0x08000d64   0x08000d64   0x000002fc   Code   RO          661    .text               c_w.l(_printf_fp_hex.o)
    0x08001060   0x08001060   0x0000002c   Code   RO          666    .text               c_w.l(_printf_char.o)
    0x0800108c   0x0800108c   0x0000002c   Code   RO          668    .text               c_w.l(_printf_wchar.o)
    0x080010b8   0x080010b8   0x00000048   Code   RO          671    .text               c_w.l(_c16rtomb.o)
    0x08001100   0x08001100   0x0000004a   Code   RO          675    .text               c_w.l(sys_stackheap_outer.o)
    0x0800114a   0x0800114a   0x00000002   PAD
    0x0800114c   0x0800114c   0x00000010   Code   RO          677    .text               c_w.l(rt_ctype_table.o)
    0x0800115c   0x0800115c   0x00000008   Code   RO          682    .text               c_w.l(rt_locale_intlibspace.o)
    0x08001164   0x08001164   0x00000080   Code   RO          684    .text               c_w.l(_printf_fp_infnan.o)
    0x080011e4   0x080011e4   0x000000e4   Code   RO          686    .text               c_w.l(bigflt0.o)
    0x080012c8   0x080012c8   0x00000012   Code   RO          716    .text               c_w.l(exit.o)
    0x080012da   0x080012da   0x00000002   PAD
    0x080012dc   0x080012dc   0x00000008   Code   RO          728    .text               c_w.l(libspace.o)
    0x080012e4   0x080012e4   0x00000080   Code   RO          738    .text               c_w.l(strcmpv7m.o)
    0x08001364   0x08001364   0x0000000c   Code   RO          800    .text               c_w.l(sys_exit.o)
    0x08001370   0x08001370   0x00000002   Code   RO          815    .text               c_w.l(use_no_semi.o)
    0x08001372   0x08001372   0x00000000   Code   RO          817    .text               c_w.l(indicate_semi.o)
    0x08001372   0x08001372   0x00000002   PAD
    0x08001374   0x08001374   0x00000074   Code   RO            4    .text.EXTI0_IRQHandler  main.o
    0x080013e8   0x080013e8   0x00000014   Code   RO           78    .text.EXTI_ClearITPendingBit  stm32f10x_exti.o
    0x080013fc   0x080013fc   0x0000004c   Code   RO           76    .text.EXTI_GetITStatus  stm32f10x_exti.o
    0x08001448   0x08001448   0x000000ea   Code   RO           66    .text.EXTI_Init     stm32f10x_exti.o
    0x08001532   0x08001532   0x00000002   PAD
    0x08001534   0x08001534   0x00000054   Code   RO          119    .text.GPIO_EXTILineConfig  stm32f10x_gpio.o
    0x08001588   0x08001588   0x00000186   Code   RO           91    .text.GPIO_Init     stm32f10x_gpio.o
    0x0800170e   0x0800170e   0x00000002   PAD
    0x08001710   0x08001710   0x00000034   Code   RO           95    .text.GPIO_ReadInputDataBit  stm32f10x_gpio.o
    0x08001744   0x08001744   0x000000aa   Code   RO           49    .text.NVIC_Init     misc.o
    0x080017ee   0x080017ee   0x00000002   PAD
    0x080017f0   0x080017f0   0x00000038   Code   RO          176    .text.RCC_APB1PeriphClockCmd  stm32f10x_rcc.o
    0x08001828   0x08001828   0x00000038   Code   RO          174    .text.RCC_APB2PeriphClockCmd  stm32f10x_rcc.o
    0x08001860   0x08001860   0x00000172   Code   RO          170    .text.RCC_GetClocksFreq  stm32f10x_rcc.o
    0x080019d2   0x080019d2   0x00000002   PAD
    0x080019d4   0x080019d4   0x00000008   Code   RO          483    .text.SetSysClock   system_stm32f10x.o
    0x080019dc   0x080019dc   0x00000122   Code   RO          487    .text.SetSysClockTo72  system_stm32f10x.o
    0x08001afe   0x08001afe   0x00000002   PAD
    0x08001b00   0x08001b00   0x0000017a   Code   RO           18    .text.SysConfig     main.o
    0x08001c7a   0x08001c7a   0x00000002   PAD
    0x08001c7c   0x08001c7c   0x00000052   Code   RO           20    .text.SysTick_Config  main.o
    0x08001cce   0x08001cce   0x00000002   PAD
    0x08001cd0   0x08001cd0   0x00000010   Code   RO            2    .text.SysTick_Handler  main.o
    0x08001ce0   0x08001ce0   0x00000122   Code   RO          485    .text.SystemCoreClockUpdate  system_stm32f10x.o
    0x08001e02   0x08001e02   0x00000002   PAD
    0x08001e04   0x08001e04   0x00000066   Code   RO          481    .text.SystemInit    system_stm32f10x.o
    0x08001e6a   0x08001e6a   0x00000002   PAD
    0x08001e6c   0x08001e6c   0x0000002c   Code   RO          245    .text.TIM_Cmd       stm32f10x_tim.o
    0x08001e98   0x08001e98   0x00000142   Code   RO          205    .text.TIM_TimeBaseInit  stm32f10x_tim.o
    0x08001fda   0x08001fda   0x00000002   PAD
    0x08001fdc   0x08001fdc   0x0000002c   Code   RO          402    .text.USART_Cmd     stm32f10x_usart.o
    0x08002008   0x08002008   0x00000044   Code   RO          442    .text.USART_GetFlagStatus  stm32f10x_usart.o
    0x0800204c   0x0800204c   0x0000015c   Code   RO          394    .text.USART_Init    stm32f10x_usart.o
    0x080021a8   0x080021a8   0x00000018   Code   RO          418    .text.USART_SendData  stm32f10x_usart.o
    0x080021c0   0x080021c0   0x00000042   Code   RO           22    .text.__NVIC_SetPriority  main.o
    0x08002202   0x08002202   0x00000002   PAD
    0x08002204   0x08002204   0x00000058   Code   RO            6    .text.debounce      main.o
    0x0800225c   0x0800225c   0x0000019c   Code   RO           10    .text.main          main.o
    0x080023f8   0x080023f8   0x00000026   Code   RO           12    .text.max           main.o
    0x0800241e   0x0800241e   0x00000002   PAD
    0x08002420   0x08002420   0x0000000c   Code   RO           16    .text.millis        main.o
    0x0800242c   0x0800242c   0x00000038   Code   RO           14    .text.print         main.o
    0x08002464   0x08002464   0x00000032   Code   RO           24    .text.printChar     main.o
    0x08002496   0x08002496   0x00000002   PAD
    0x08002498   0x08002498   0x0000003e   Code   RO            8    .text.wait          main.o
    0x080024d6   0x080024d6   0x0000003e   Code   RO          689    CL$$btod_d2e        c_w.l(btod.o)
    0x08002514   0x08002514   0x00000046   Code   RO          691    CL$$btod_d2e_denorm_low  c_w.l(btod.o)
    0x0800255a   0x0800255a   0x00000060   Code   RO          690    CL$$btod_d2e_norm_op1  c_w.l(btod.o)
    0x080025ba   0x080025ba   0x00000002   PAD
    0x080025bc   0x080025bc   0x00000338   Code   RO          699    CL$$btod_div_common  c_w.l(btod.o)
    0x080028f4   0x080028f4   0x000000dc   Code   RO          696    CL$$btod_e2e        c_w.l(btod.o)
    0x080029d0   0x080029d0   0x0000002a   Code   RO          693    CL$$btod_ediv       c_w.l(btod.o)
    0x080029fa   0x080029fa   0x0000002a   Code   RO          692    CL$$btod_emul       c_w.l(btod.o)
    0x08002a24   0x08002a24   0x00000244   Code   RO          698    CL$$btod_mult_common  c_w.l(btod.o)
    0x08002c68   0x08002c68   0x00000028   Code   RO          726    i.__ARM_fpclassify  m_ws.l(fpclassify.o)
    0x08002c90   0x08002c90   0x0000000e   Code   RO          582    i._is_digit         c_w.l(__printf_wp.o)
    0x08002c9e   0x08002c9e   0x00000002   PAD
    0x08002ca0   0x08002ca0   0x0000002c   Code   RO          714    locale$$code        c_w.l(lc_numeric_c.o)
    0x08002ccc   0x08002ccc   0x0000002c   Code   RO          736    locale$$code        c_w.l(lc_ctype_c.o)
    0x08002cf8   0x08002cf8   0x00000062   Code   RO          505    x$fpl$d2f           fz_ws.l(d2f.o)
    0x08002d5a   0x08002d5a   0x00000002   PAD
    0x08002d5c   0x08002d5c   0x000002b4   Code   RO          508    x$fpl$ddiv          fz_ws.l(ddiv.o)
    0x08003010   0x08003010   0x00000026   Code   RO          511    x$fpl$dfltu         fz_ws.l(dflt_clz.o)
    0x08003036   0x08003036   0x00000002   PAD
    0x08003038   0x08003038   0x00000154   Code   RO          517    x$fpl$dmul          fz_ws.l(dmul.o)
    0x0800318c   0x0800318c   0x0000009c   Code   RO          615    x$fpl$dnaninf       fz_ws.l(dnaninf.o)
    0x08003228   0x08003228   0x0000000c   Code   RO          617    x$fpl$dretinf       fz_ws.l(dretinf.o)
    0x08003234   0x08003234   0x00000056   Code   RO          519    x$fpl$f2d           fz_ws.l(f2d.o)
    0x0800328a   0x0800328a   0x00000054   Code   RO          521    x$fpl$fcmp          fz_ws.l(fcmp.o)
    0x080032de   0x080032de   0x00000018   Code   RO          673    x$fpl$fcmpinf       fz_ws.l(fcmpi.o)
    0x080032f6   0x080032f6   0x00000002   PAD
    0x080032f8   0x080032f8   0x00000068   Code   RO          619    x$fpl$feqf          fz_ws.l(feqf.o)
    0x08003360   0x08003360   0x00000068   Code   RO          621    x$fpl$fgeqf         fz_ws.l(fgeqf.o)
    0x080033c8   0x080033c8   0x00000068   Code   RO          623    x$fpl$fleqf         fz_ws.l(fleqf.o)
    0x08003430   0x08003430   0x0000008c   Code   RO          625    x$fpl$fnaninf       fz_ws.l(fnaninf.o)
    0x080034bc   0x080034bc   0x0000000a   Code   RO          627    x$fpl$fretinf       fz_ws.l(fretinf.o)
    0x080034c6   0x080034c6   0x00000004   Code   RO          629    x$fpl$printf1       fz_ws.l(printf1.o)
    0x080034ca   0x080034ca   0x00000004   Code   RO          631    x$fpl$printf2       fz_ws.l(printf2.o)
    0x080034ce   0x080034ce   0x00000000   Code   RO          637    x$fpl$usenofp       fz_ws.l(usenofp.o)
    0x080034ce   0x080034ce   0x00000002   PAD
    0x080034d0   0x080034d0   0x00000008   Data   RO          541    .constdata          c_w.l(_printf_wctomb.o)
    0x080034d8   0x080034d8   0x00000028   Data   RO          570    .constdata          c_w.l(_printf_hex_int_ll_ptr.o)
    0x08003500   0x08003500   0x00000011   Data   RO          590    .constdata          c_w.l(__printf_flags_ss_wp.o)
    0x08003511   0x08003511   0x00000026   Data   RO          662    .constdata          c_w.l(_printf_fp_hex.o)
    0x08003537   0x08003537   0x00000001   PAD
    0x08003538   0x08003538   0x00000094   Data   RO          687    .constdata          c_w.l(bigflt0.o)
    0x080035cc   0x080035cc   0x00000004   Data   RO          195    .rodata.ADCPrescTable  stm32f10x_rcc.o
    0x080035d0   0x080035d0   0x00000010   Data   RO          490    .rodata.AHBPrescTable  system_stm32f10x.o
    0x080035e0   0x080035e0   0x00000010   Data   RO          194    .rodata.APBAHBPrescTable  stm32f10x_rcc.o
    0x080035f0   0x080035f0   0x0000003f   Data   RO           37    .rodata.str1.1      main.o
    0x0800362f   0x0800362f   0x00000001   PAD
    0x08003630   0x08003630   0x00000020   Data   RO          873    Region$$Table       anon$$obj.o
    0x08003650   0x08003650   0x0000001c   Data   RO          713    locale$$data        c_w.l(lc_numeric_c.o)
    0x0800366c   0x0800366c   0x00000110   Data   RO          735    locale$$data        c_w.l(lc_ctype_c.o)


    Execution Region ER_RW (Exec base: 0x20000000, Load base: 0x0800377c, Size: 0x00000004, Max: 0xffffffff, ABSOLUTE)

    Exec Addr    Load Addr    Size         Type   Attr      Idx    E Section Name        Object

    0x20000000   0x0800377c   0x00000004   Data   RW          489    .data.SystemCoreClock  system_stm32f10x.o


    Execution Region ER_ZI (Exec base: 0x20000008, Load base: 0x08003780, Size: 0x000006d8, Max: 0xffffffff, ABSOLUTE)

    Exec Addr    Load Addr    Size         Type   Attr      Idx    E Section Name        Object

    0x20000008        -       0x00000060   Zero   RW          729    .bss                c_w.l(libspace.o)
    0x20000068        -       0x00000001   Zero   RW           29    .bss.IT_FLAG        main.o
    0x20000069   0x08003780   0x00000001   PAD
    0x2000006a        -       0x00000002   Zero   RW           32    .bss.bantCounter    main.o
    0x2000006c        -       0x00000002   Zero   RW           38    .bss.debounce.State  main.o
    0x2000006e   0x08003780   0x00000002   PAD
    0x20000070        -       0x00000004   Zero   RW           26    .bss.maxSpeed       main.o
    0x20000074        -       0x00000004   Zero   RW           27    .bss.maxSpeedKm     main.o
    0x20000078        -       0x00000004   Zero   RW           28    .bss.millisCounter  main.o
    0x2000007c        -       0x00000050   Zero   RW           36    .bss.navBuffer      main.o
    0x200000cc        -       0x00000004   Zero   RW           31    .bss.oldTime        main.o
    0x200000d0        -       0x00000004   Zero   RW           34    .bss.speed          main.o
    0x200000d4        -       0x00000004   Zero   RW           35    .bss.speedKm        main.o
    0x200000d8        -       0x00000004   Zero   RW           33    .bss.timerThreshold  main.o
    0x200000dc        -       0x00000004   Zero   RW           30    .bss.timerValue     main.o
    0x200000e0        -       0x00000200   Zero   RW          472    HEAP                startup_stm32f10x_md.o
    0x200002e0        -       0x00000400   Zero   RW          471    STACK               startup_stm32f10x_md.o


==============================================================================

Image component sizes


      Code (inc. data)   RO Data    RW Data    ZI Data      Debug   Object Name

      1376          0         63          0        117       8489   main.o
       170          0          0          0          0       3297   misc.o
        64         26        236          0       1536        852   startup_stm32f10x_md.o
       330          0          0          0          0       2892   stm32f10x_exti.o
       526          0          0          0          0       5702   stm32f10x_gpio.o
       482          0         20          0          0       7021   stm32f10x_rcc.o
       366          0          0          0          0      20334   stm32f10x_tim.o
       484          0          0          0          0       7491   stm32f10x_usart.o
       690          0         16          4          0       2879   system_stm32f10x.o

    ----------------------------------------------------------------------
      4514         26        368          4       1656      58957   Object Totals
         0          0         32          0          0          0   (incl. Generated)
        26          0          1          0          3          0   (incl. Padding)

    ----------------------------------------------------------------------

      Code (inc. data)   RO Data    RW Data    ZI Data      Debug   Library Member Name

         8          0          0          0          0         68   __main.o
       392          4         17          0          0         92   __printf_flags_ss_wp.o
        14          0          0          0          0         68   __printf_wp.o
         0          0          0          0          0          0   __rtentry.o
        12          0          0          0          0          0   __rtentry2.o
         6          0          0          0          0          0   __rtentry4.o
        52          8          0          0          0          0   __scatter.o
        26          0          0          0          0          0   __scatter_copy.o
        28          0          0          0          0          0   __scatter_zi.o
        72          0          0          0          0         96   _c16rtomb.o
         6          0          0          0          0          0   _printf_a.o
         6          0          0          0          0          0   _printf_c.o
        44          0          0          0          0        108   _printf_char.o
        48          6          0          0          0         96   _printf_char_common.o
        40          0          0          0          0         68   _printf_charcount.o
         6          0          0          0          0          0   _printf_d.o
       120         16          0          0          0         92   _printf_dec.o
         6          0          0          0          0          0   _printf_e.o
         6          0          0          0          0          0   _printf_f.o
      1052          0          0          0          0        148   _printf_fp_dec.o
       764          8         38          0          0        100   _printf_fp_hex.o
       128         16          0          0          0         84   _printf_fp_infnan.o
         6          0          0          0          0          0   _printf_g.o
       148          4         40          0          0        160   _printf_hex_int_ll_ptr.o
         6          0          0          0          0          0   _printf_i.o
       178          0          0          0          0         88   _printf_intcommon.o
        10          0          0          0          0          0   _printf_l.o
         6          0          0          0          0          0   _printf_lc.o
        10          0          0          0          0          0   _printf_ll.o
         6          0          0          0          0          0   _printf_lld.o
         6          0          0          0          0          0   _printf_lli.o
         6          0          0          0          0          0   _printf_llo.o
         6          0          0          0          0          0   _printf_llu.o
         6          0          0          0          0          0   _printf_llx.o
       124         16          0          0          0         92   _printf_longlong_dec.o
         6          0          0          0          0          0   _printf_ls.o
         6          0          0          0          0          0   _printf_n.o
         6          0          0          0          0          0   _printf_o.o
       112          8          0          0          0        124   _printf_oct_int_ll.o
         6          0          0          0          0          0   _printf_p.o
        78          0          0          0          0        108   _printf_pad.o
         0          0          0          0          0          0   _printf_percent.o
         4          0          0          0          0          0   _printf_percent_end.o
         6          0          0          0          0          0   _printf_s.o
        82          0          0          0          0         80   _printf_str.o
        36          0          0          0          0         84   _printf_truncate.o
         6          0          0          0          0          0   _printf_u.o
        44          0          0          0          0        108   _printf_wchar.o
       188          6          8          0          0         92   _printf_wctomb.o
         6          0          0          0          0          0   _printf_x.o
        10          0          0          0          0         68   _sputc.o
       228          4        148          0          0         96   bigflt0.o
      1936        128          0          0          0        668   btod.o
        18          0          0          0          0         80   exit.o
         6          0          0          0          0        152   heapauxi.o
         0          0          0          0          0          0   indicate_semi.o
        44         10        272          0          0         76   lc_ctype_c.o
        44         10         28          0          0         76   lc_numeric_c.o
         2          0          0          0          0          0   libinit.o
        30          0          0          0          0          0   libinit2.o
         2          0          0          0          0          0   libshutdown.o
         2          0          0          0          0          0   libshutdown2.o
         8          4          0          0         96         68   libspace.o
       138          0          0          0          0         80   lludiv10.o
        16          4          0          0          0         76   rt_ctype_table.o
         8          4          0          0          0         68   rt_locale_intlibspace.o
         2          0          0          0          0          0   rtexit.o
        10          0          0          0          0          0   rtexit2.o
        44          6          0          0          0         84   sprintf.o
       128          0          0          0          0         68   strcmpv7m.o
        12          4          0          0          0         68   sys_exit.o
        74          0          0          0          0         80   sys_stackheap_outer.o
         2          0          0          0          0         68   use_no_semi.o
        98          4          0          0          0         92   d2f.o
       692        140          0          0          0        216   ddiv.o
        38          0          0          0          0         68   dflt_clz.o
       340         12          0          0          0        104   dmul.o
       156          4          0          0          0         92   dnaninf.o
        12          0          0          0          0         68   dretinf.o
        86          4          0          0          0         84   f2d.o
        84          0          0          0          0        196   fcmp.o
        24          0          0          0          0         68   fcmpi.o
       104          4          0          0          0         84   feqf.o
       104          4          0          0          0         84   fgeqf.o
       104          4          0          0          0         84   fleqf.o
       140          4          0          0          0         84   fnaninf.o
        10          0          0          0          0         68   fretinf.o
         4          0          0          0          0         68   printf1.o
         4          0          0          0          0         68   printf2.o
         0          0          0          0          0          0   usenofp.o
        40          0          0          0          0         68   fpclassify.o

    ----------------------------------------------------------------------
      8770        446        552          0         96       5428   Library Totals
        26          0          1          0          0          0   (incl. Padding)

    ----------------------------------------------------------------------

      Code (inc. data)   RO Data    RW Data    ZI Data      Debug   Library Name

      6704        266        551          0         96       3832   c_w.l
      2000        180          0          0          0       1528   fz_ws.l
        40          0          0          0          0         68   m_ws.l

    ----------------------------------------------------------------------
      8770        446        552          0         96       5428   Library Totals

    ----------------------------------------------------------------------

==============================================================================


      Code (inc. data)   RO Data    RW Data    ZI Data      Debug   

     13284        472        920          4       1752      61381   Grand Totals
     13284        472        920          4       1752      61381   ELF Image Totals
     13284        472        920          4          0          0   ROM Totals

==============================================================================

    Total RO  Size (Code + RO Data)                14204 (  13.87kB)
    Total RW  Size (RW Data + ZI Data)              1756 (   1.71kB)
    Total ROM Size (Code + RO Data + RW Data)      14208 (  13.88kB)

==============================================================================

